Component: ARM Compiler 5.06 update 7 (build 960) Tool: armlink [4d3601]

==============================================================================

Section Cross References

    startup_stm32g431xx.o(RESET) refers to startup_stm32g431xx.o(STACK) for __initial_sp
    startup_stm32g431xx.o(RESET) refers to startup_stm32g431xx.o(.text) for Reset_Handler
    startup_stm32g431xx.o(RESET) refers to stm32g4xx_it.o(i.NMI_Handler) for NMI_Handler
    startup_stm32g431xx.o(RESET) refers to stm32g4xx_it.o(i.HardFault_Handler) for HardFault_Handler
    startup_stm32g431xx.o(RESET) refers to stm32g4xx_it.o(i.MemManage_Handler) for MemManage_Handler
    startup_stm32g431xx.o(RESET) refers to stm32g4xx_it.o(i.BusFault_Handler) for BusFault_Handler
    startup_stm32g431xx.o(RESET) refers to stm32g4xx_it.o(i.UsageFault_Handler) for UsageFault_Handler
    startup_stm32g431xx.o(RESET) refers to stm32g4xx_it.o(i.SVC_Handler) for SVC_Handler
    startup_stm32g431xx.o(RESET) refers to stm32g4xx_it.o(i.DebugMon_Handler) for DebugMon_Handler
    startup_stm32g431xx.o(RESET) refers to stm32g4xx_it.o(i.PendSV_Handler) for PendSV_Handler
    startup_stm32g431xx.o(RESET) refers to stm32g4xx_it.o(i.SysTick_Handler) for SysTick_Handler
    startup_stm32g431xx.o(RESET) refers to stm32g4xx_it.o(i.DMA1_Channel1_IRQHandler) for DMA1_Channel1_IRQHandler
    startup_stm32g431xx.o(RESET) refers to stm32g4xx_it.o(i.ADC1_2_IRQHandler) for ADC1_2_IRQHandler
    startup_stm32g431xx.o(RESET) refers to stm32g4xx_it.o(i.USART3_IRQHandler) for USART3_IRQHandler
    startup_stm32g431xx.o(.text) refers to system_stm32g4xx.o(i.SystemInit) for SystemInit
    startup_stm32g431xx.o(.text) refers to entry.o(.ARM.Collect$$$$00000000) for __main
    main.o(i.HAL_ADCEx_InjectedConvCpltCallback) refers to foc.o(i.FOC_Control_Loop) for FOC_Control_Loop
    main.o(i.SystemClock_Config) refers to memseta.o(.text) for __aeabi_memclr4
    main.o(i.SystemClock_Config) refers to stm32g4xx_hal_pwr_ex.o(i.HAL_PWREx_ControlVoltageScaling) for HAL_PWREx_ControlVoltageScaling
    main.o(i.SystemClock_Config) refers to stm32g4xx_hal_rcc.o(i.HAL_RCC_OscConfig) for HAL_RCC_OscConfig
    main.o(i.SystemClock_Config) refers to stm32g4xx_hal_rcc.o(i.HAL_RCC_ClockConfig) for HAL_RCC_ClockConfig
    main.o(i.main) refers to stm32g4xx_hal.o(i.HAL_Init) for HAL_Init
    main.o(i.main) refers to main.o(i.SystemClock_Config) for SystemClock_Config
    main.o(i.main) refers to gpio.o(i.MX_GPIO_Init) for MX_GPIO_Init
    main.o(i.main) refers to dma.o(i.MX_DMA_Init) for MX_DMA_Init
    main.o(i.main) refers to usart.o(i.MX_USART3_UART_Init) for MX_USART3_UART_Init
    main.o(i.main) refers to dac.o(i.MX_DAC1_Init) for MX_DAC1_Init
    main.o(i.main) refers to spi.o(i.MX_SPI3_Init) for MX_SPI3_Init
    main.o(i.main) refers to cordic.o(i.MX_CORDIC_Init) for MX_CORDIC_Init
    main.o(i.main) refers to adc.o(i.MX_ADC1_Init) for MX_ADC1_Init
    main.o(i.main) refers to adc.o(i.MX_ADC2_Init) for MX_ADC2_Init
    main.o(i.main) refers to opamp.o(i.MX_OPAMP1_Init) for MX_OPAMP1_Init
    main.o(i.main) refers to opamp.o(i.MX_OPAMP2_Init) for MX_OPAMP2_Init
    main.o(i.main) refers to tim.o(i.MX_TIM1_Init) for MX_TIM1_Init
    main.o(i.main) refers to stm32g4xx_hal_opamp.o(i.HAL_OPAMP_Start) for HAL_OPAMP_Start
    main.o(i.main) refers to oled.o(i.OLED_Init) for OLED_Init
    main.o(i.main) refers to mt6816.o(i.MT6816_Init) for MT6816_Init
    main.o(i.main) refers to dac.o(i.DAC_Verf_1_65V_Start) for DAC_Verf_1_65V_Start
    main.o(i.main) refers to oled.o(i.OLED_Clear) for OLED_Clear
    main.o(i.main) refers to oled.o(i.OLED_Printf) for OLED_Printf
    main.o(i.main) refers to foc.o(i.FOC_Calibrate_ADC) for FOC_Calibrate_ADC
    main.o(i.main) refers to foc.o(i.FOC_Align_Zero) for FOC_Align_Zero
    main.o(i.main) refers to foc.o(i.FOC_Init) for FOC_Init
    main.o(i.main) refers to stm32g4xx_hal_adc_ex.o(i.HAL_ADCEx_InjectedStart_IT) for HAL_ADCEx_InjectedStart_IT
    main.o(i.main) refers to stm32g4xx_hal_adc_ex.o(i.HAL_ADCEx_InjectedStart) for HAL_ADCEx_InjectedStart
    main.o(i.main) refers to menu.o(i.Menu_Analyse) for Menu_Analyse
    main.o(i.main) refers to stm32g4xx_hal.o(i.HAL_Delay) for HAL_Delay
    main.o(i.main) refers to opamp.o(.bss) for hopamp1
    main.o(i.main) refers to adc.o(.bss) for hadc1
    gpio.o(i.MX_GPIO_Init) refers to memseta.o(.text) for __aeabi_memclr4
    gpio.o(i.MX_GPIO_Init) refers to stm32g4xx_hal_gpio.o(i.HAL_GPIO_WritePin) for HAL_GPIO_WritePin
    gpio.o(i.MX_GPIO_Init) refers to stm32g4xx_hal_gpio.o(i.HAL_GPIO_Init) for HAL_GPIO_Init
    adc.o(i.HAL_ADC_MspDeInit) refers to stm32g4xx_hal_gpio.o(i.HAL_GPIO_DeInit) for HAL_GPIO_DeInit
    adc.o(i.HAL_ADC_MspDeInit) refers to adc.o(.data) for .data
    adc.o(i.HAL_ADC_MspInit) refers to memseta.o(.text) for __aeabi_memclr4
    adc.o(i.HAL_ADC_MspInit) refers to stm32g4xx_hal_rcc_ex.o(i.HAL_RCCEx_PeriphCLKConfig) for HAL_RCCEx_PeriphCLKConfig
[...]
    i.HAL_Init                               0x08002ba8   Section        0  stm32g4xx_hal.o(i.HAL_Init)
    i.HAL_InitTick                           0x08002bc8   Section        0  stm32g4xx_hal.o(i.HAL_InitTick)
    i.HAL_MspInit                            0x08002c0c   Section        0  stm32g4xx_hal_msp.o(i.HAL_MspInit)
    i.HAL_NVIC_EnableIRQ                     0x08002c3c   Section        0  stm32g4xx_hal_cortex.o(i.HAL_NVIC_EnableIRQ)
    i.HAL_NVIC_SetPriority                   0x08002c58   Section        0  stm32g4xx_hal_cortex.o(i.HAL_NVIC_SetPriority)
    i.HAL_NVIC_SetPriorityGrouping           0x08002c98   Section        0  stm32g4xx_hal_cortex.o(i.HAL_NVIC_SetPriorityGrouping)
    i.HAL_OPAMP_Init                         0x08002cbc   Section        0  stm32g4xx_hal_opamp.o(i.HAL_OPAMP_Init)
    i.HAL_OPAMP_MspInit                      0x08002db0   Section        0  opamp.o(i.HAL_OPAMP_MspInit)
    i.HAL_OPAMP_Start                        0x08002e18   Section        0  stm32g4xx_hal_opamp.o(i.HAL_OPAMP_Start)
    i.HAL_PWREx_ControlVoltageScaling        0x08002e44   Section        0  stm32g4xx_hal_pwr_ex.o(i.HAL_PWREx_ControlVoltageScaling)
    i.HAL_PWREx_DisableUCPDDeadBattery       0x08002f00   Section        0  stm32g4xx_hal_pwr_ex.o(i.HAL_PWREx_DisableUCPDDeadBattery)
    i.HAL_RCCEx_PeriphCLKConfig              0x08002f10   Section        0  stm32g4xx_hal_rcc_ex.o(i.HAL_RCCEx_PeriphCLKConfig)
    i.HAL_RCC_ClockConfig                    0x08003198   Section        0  stm32g4xx_hal_rcc.o(i.HAL_RCC_ClockConfig)
    i.HAL_RCC_GetHCLKFreq                    0x08003374   Section        0  stm32g4xx_hal_rcc.o(i.HAL_RCC_GetHCLKFreq)
    i.HAL_RCC_GetPCLK1Freq                   0x08003380   Section        0  stm32g4xx_hal_rcc.o(i.HAL_RCC_GetPCLK1Freq)
    i.HAL_RCC_GetPCLK2Freq                   0x080033a4   Section        0  stm32g4xx_hal_rcc.o(i.HAL_RCC_GetPCLK2Freq)
    i.HAL_RCC_GetSysClockFreq                0x080033c8   Section        0  stm32g4xx_hal_rcc.o(i.HAL_RCC_GetSysClockFreq)
    i.HAL_RCC_OscConfig                      0x08003434   Section        0  stm32g4xx_hal_rcc.o(i.HAL_RCC_OscConfig)
    i.HAL_SPI_Init                           0x08003838   Section        0  stm32g4xx_hal_spi.o(i.HAL_SPI_Init)
    i.HAL_SPI_MspInit                        0x08003924   Section        0  spi.o(i.HAL_SPI_MspInit)
    i.HAL_SPI_TransmitReceive                0x08003988   Section        0  stm32g4xx_hal_spi.o(i.HAL_SPI_TransmitReceive)
    i.HAL_SYSTICK_Config                     0x08003bf4   Section        0  stm32g4xx_hal_cortex.o(i.HAL_SYSTICK_Config)
    i.HAL_TIMEx_ConfigBreakDeadTime          0x08003c1c   Section        0  stm32g4xx_hal_tim_ex.o(i.HAL_TIMEx_ConfigBreakDeadTime)
    i.HAL_TIMEx_MasterConfigSynchronization  0x08003cb8   Section        0  stm32g4xx_hal_tim_ex.o(i.HAL_TIMEx_MasterConfigSynchronization)
    i.HAL_TIMEx_PWMN_Start                   0x08003d54   Section        0  stm32g4xx_hal_tim_ex.o(i.HAL_TIMEx_PWMN_Start)
    i.HAL_TIM_Base_Init                      0x08003e0c   Section        0  stm32g4xx_hal_tim.o(i.HAL_TIM_Base_Init)
    i.HAL_TIM_Base_MspInit                   0x08003e70   Section        0  tim.o(i.HAL_TIM_Base_MspInit)
    i.HAL_TIM_Base_Start                     0x08003e98   Section        0  stm32g4xx_hal_tim.o(i.HAL_TIM_Base_Start)
    i.HAL_TIM_Base_Stop                      0x08003f04   Section        0  stm32g4xx_hal_tim.o(i.HAL_TIM_Base_Stop)
    i.HAL_TIM_ConfigClockSource              0x08003f2c   Section        0  stm32g4xx_hal_tim.o(i.HAL_TIM_ConfigClockSource)
    i.HAL_TIM_MspPostInit                    0x0800402c   Section        0  tim.o(i.HAL_TIM_MspPostInit)
    i.HAL_TIM_PWM_ConfigChannel              0x080040d8   Section        0  stm32g4xx_hal_tim.o(i.HAL_TIM_PWM_ConfigChannel)
    i.HAL_TIM_PWM_Init                       0x080041fc   Section        0  stm32g4xx_hal_tim.o(i.HAL_TIM_PWM_Init)
    i.HAL_TIM_PWM_MspInit                    0x0800425e   Section        0  stm32g4xx_hal_tim.o(i.HAL_TIM_PWM_MspInit)
    i.HAL_TIM_PWM_Start                      0x08004260   Section        0  stm32g4xx_hal_tim.o(i.HAL_TIM_PWM_Start)
    i.HAL_UARTEx_DisableFifoMode             0x0800435c   Section        0  stm32g4xx_hal_uart_ex.o(i.HAL_UARTEx_DisableFifoMode)
    i.HAL_UARTEx_RxEventCallback             0x0800439a   Section        0  stm32g4xx_hal_uart.o(i.HAL_UARTEx_RxEventCallback)
    i.HAL_UARTEx_RxFifoFullCallback          0x0800439c   Section        0  stm32g4xx_hal_uart_ex.o(i.HAL_UARTEx_RxFifoFullCallback)
    i.HAL_UARTEx_SetRxFifoThreshold          0x0800439e   Section        0  stm32g4xx_hal_uart_ex.o(i.HAL_UARTEx_SetRxFifoThreshold)
    i.HAL_UARTEx_SetTxFifoThreshold          0x080043ea   Section        0  stm32g4xx_hal_uart_ex.o(i.HAL_UARTEx_SetTxFifoThreshold)
    i.HAL_UARTEx_TxFifoEmptyCallback         0x08004436   Section        0  stm32g4xx_hal_uart_ex.o(i.HAL_UARTEx_TxFifoEmptyCallback)
    i.HAL_UARTEx_WakeupCallback              0x08004438   Section        0  stm32g4xx_hal_uart_ex.o(i.HAL_UARTEx_WakeupCallback)
    i.HAL_UART_ErrorCallback                 0x0800443a   Section        0  stm32g4xx_hal_uart.o(i.HAL_UART_ErrorCallback)
    i.HAL_UART_IRQHandler                    0x0800443c   Section        0  stm32g4xx_hal_uart.o(i.HAL_UART_IRQHandler)
    i.HAL_UART_MspInit                       0x08004748   Section        0  usart.o(i.HAL_UART_MspInit)
    i.HAL_UART_TxCpltCallback                0x08004808   Section        0  stm32g4xx_hal_uart.o(i.HAL_UART_TxCpltCallback)
    i.HardFault_Handler                      0x0800480a   Section        0  stm32g4xx_it.o(i.HardFault_Handler)
    i.I2C_Delay                              0x0800480c   Section        0  bsp_i2c.o(i.I2C_Delay)
    I2C_Delay                                0x0800480d   Thumb Code    12  bsp_i2c.o(i.I2C_Delay)
    i.I2C_SendByte                           0x08004818   Section        0  bsp_i2c.o(i.I2C_SendByte)
    i.I2C_Start                              0x08004868   Section        0  bsp_i2c.o(i.I2C_Start)
    i.I2C_Stop                               0x080048a4   Section        0  bsp_i2c.o(i.I2C_Stop)
    i.I2C_WaitAck                            0x080048d4   Section        0  bsp_i2c.o(i.I2C_WaitAck)
    i.LL_ADC_GetOffsetChannel                0x0800491c   Section        0  stm32g4xx_hal_adc.o(i.LL_ADC_GetOffsetChannel)
    LL_ADC_GetOffsetChannel                  0x0800491d   Thumb Code    12  stm32g4xx_hal_adc.o(i.LL_ADC_GetOffsetChannel)
    i.LL_ADC_GetOffsetChannel                0x08004928   Section        0  stm32g4xx_hal_adc_ex.o(i.LL_ADC_GetOffsetChannel)
    LL_ADC_GetOffsetChannel                  0x08004929   Thumb Code    12  stm32g4xx_hal_adc_ex.o(i.LL_ADC_GetOffsetChannel)
    i.LL_ADC_INJ_IsConversionOngoing         0x08004934   Section        0  stm32g4xx_hal_adc.o(i.LL_ADC_INJ_IsConversionOngoing)
    LL_ADC_INJ_IsConversionOngoing           0x08004935   Thumb Code     8  stm32g4xx_hal_adc.o(i.LL_ADC_INJ_IsConversionOngoing)
    i.LL_ADC_INJ_IsConversionOngoing         0x0800493c   Section        0  stm32g4xx_hal_adc_ex.o(i.LL_ADC_INJ_IsConversionOngoing)
    LL_ADC_INJ_IsConversionOngoing           0x0800493d   Thumb Code     8  stm32g4xx_hal_adc_ex.o(i.LL_ADC_INJ_IsConversionOngoing)
    i.LL_ADC_REG_IsConversionOngoing         0x08004944   Section        0  stm32g4xx_hal_adc.o(i.LL_ADC_REG_IsConversionOngoing)
    LL_ADC_REG_IsConversionOngoing           0x08004945   Thumb Code     8  stm32g4xx_hal_adc.o(i.LL_ADC_REG_IsConversionOngoing)
    i.LL_ADC_REG_IsConversionOngoing         0x0800494c   Section        0  stm32g4xx_hal_adc_ex.o(i.LL_ADC_REG_IsConversionOngoing)
    LL_ADC_REG_IsConversionOngoing           0x0800494d   Thumb Code     8  stm32g4xx_hal_adc_ex.o(i.LL_ADC_REG_IsConversionOngoing)
    i.LL_ADC_REG_IsTriggerSourceSWStart      0x08004954   Section        0  stm32g4xx_hal_adc.o(i.LL_ADC_REG_IsTriggerSourceSWStart)
    LL_ADC_REG_IsTriggerSourceSWStart        0x08004955   Thumb Code    16  stm32g4xx_hal_adc.o(i.LL_ADC_REG_IsTriggerSourceSWStart)
    i.LL_ADC_SetChannelSamplingTime          0x08004964   Section        0  stm32g4xx_hal_adc.o(i.LL_ADC_SetChannelSamplingTime)
    LL_ADC_SetChannelSamplingTime            0x08004965   Thumb Code    30  stm32g4xx_hal_adc.o(i.LL_ADC_SetChannelSamplingTime)
    i.LL_ADC_SetChannelSamplingTime          0x08004982   Section        0  stm32g4xx_hal_adc_ex.o(i.LL_ADC_SetChannelSamplingTime)
    LL_ADC_SetChannelSamplingTime            0x08004983   Thumb Code    30  stm32g4xx_hal_adc_ex.o(i.LL_ADC_SetChannelSamplingTime)
    i.LL_ADC_SetOffsetState                  0x080049a0   Section        0  stm32g4xx_hal_adc.o(i.LL_ADC_SetOffsetState)
    LL_ADC_SetOffsetState                    0x080049a1   Thumb Code    16  stm32g4xx_hal_adc.o(i.LL_ADC_SetOffsetState)
    i.LL_ADC_SetOffsetState                  0x080049b0   Section        0  stm32g4xx_hal_adc_ex.o(i.LL_ADC_SetOffsetState)
    LL_ADC_SetOffsetState                    0x080049b1   Thumb Code    16  stm32g4xx_hal_adc_ex.o(i.LL_ADC_SetOffsetState)
    i.MT6816_Init                            0x080049c0   Section        0  mt6816.o(i.MT6816_Init)
    i.MT6816_Update                          0x080049ec   Section        0  mt6816.o(i.MT6816_Update)
    i.MX_ADC1_Init                           0x08004ac0   Section        0  adc.o(i.MX_ADC1_Init)
    i.MX_ADC2_Init                           0x08004b98   Section        0  adc.o(i.MX_ADC2_Init)
    i.MX_CORDIC_Init                         0x08004c5c   Section        0  cordic.o(i.MX_CORDIC_Init)
    i.MX_DAC1_Init                           0x08004c80   Section        0  dac.o(i.MX_DAC1_Init)
    i.MX_DMA_Init                            0x08004cd8   Section        0  dma.o(i.MX_DMA_Init)
    i.MX_GPIO_Init                           0x08004d14   Section        0  gpio.o(i.MX_GPIO_Init)
    i.MX_OPAMP1_Init                         0x08004de0   Section        0  opamp.o(i.MX_OPAMP1_Init)
    i.MX_OPAMP2_Init                         0x08004e14   Section        0  opamp.o(i.MX_OPAMP2_Init)
    i.MX_SPI3_Init                           0x08004e48   Section        0  spi.o(i.MX_SPI3_Init)
    i.MX_TIM1_Init                           0x08004e98   Section        0  tim.o(i.MX_TIM1_Init)
    i.MX_USART3_UART_Init                    0x08004fa8   Section        0  usart.o(i.MX_USART3_UART_Init)
    i.MemManage_Handler                      0x08005010   Section        0  stm32g4xx_it.o(i.MemManage_Handler)
    i.Menu_Analyse                           0x08005014   Section        0  menu.o(i.Menu_Analyse)
    i.NMI_Handler                            0x08005414   Section        0  stm32g4xx_it.o(i.NMI_Handler)
    i.OLED_Clear                             0x08005416   Section        0  oled.o(i.OLED_Clear)
    i.OLED_Init                              0x0800544a   Section        0  oled.o(i.OLED_Init)
    i.OLED_Printf                            0x08005502   Section        0  oled.o(i.OLED_Printf)
    i.OLED_SetCursor                         0x0800552a   Section        0  oled.o(i.OLED_SetCursor)
    i.OLED_ShowChar                          0x0800554c   Section        0  oled.o(i.OLED_ShowChar)
    i.OLED_ShowString                        0x08005578   Section        0  oled.o(i.OLED_ShowString)
    i.OLED_WriteCmd                          0x080055a2   Section        0  oled.o(i.OLED_WriteCmd)
    OLED_WriteCmd                            0x080055a3   Thumb Code    34  oled.o(i.OLED_WriteCmd)
    i.OLED_WriteData                         0x080055c4   Section        0  oled.o(i.OLED_WriteData)
    OLED_WriteData                           0x080055c5   Thumb Code    34  oled.o(i.OLED_WriteData)
    i.PID_Calculate                          0x080055e6   Section        0  pid.o(i.PID_Calculate)
    i.PID_Init                               0x0800566c   Section        0  pid.o(i.PID_Init)
    i.PendSV_Handler                         0x0800568c   Section        0  stm32g4xx_it.o(i.PendSV_Handler)
    i.Rev_Park_Transform                     0x0800568e   Section        0  foc.o(i.Rev_Park_Transform)
    Rev_Park_Transform                       0x0800568f   Thumb Code    26  foc.o(i.Rev_Park_Transform)
    i.SPI_EndRxTxTransaction                 0x080056a8   Section        0  stm32g4xx_hal_spi.o(i.SPI_EndRxTxTransaction)
    SPI_EndRxTxTransaction                   0x080056a9   Thumb Code    72  stm32g4xx_hal_spi.o(i.SPI_EndRxTxTransaction)
    i.SPI_ReadWriteByte16                    0x080056f0   Section        0  bsp_spi.o(i.SPI_ReadWriteByte16)
    i.SPI_WaitFifoStateUntilTimeout          0x08005714   Section        0  stm32g4xx_hal_spi.o(i.SPI_WaitFifoStateUntilTimeout)
    SPI_WaitFifoStateUntilTimeout            0x08005715   Thumb Code   218  stm32g4xx_hal_spi.o(i.SPI_WaitFifoStateUntilTimeout)
    i.SPI_WaitFlagStateUntilTimeout          0x080057f4   Section        0  stm32g4xx_hal_spi.o(i.SPI_WaitFlagStateUntilTimeout)
    SPI_WaitFlagStateUntilTimeout            0x080057f5   Thumb Code   180  stm32g4xx_hal_spi.o(i.SPI_WaitFlagStateUntilTimeout)
    i.SVC_Handler                            0x080058ac   Section        0  stm32g4xx_it.o(i.SVC_Handler)
    i.SVPWM_Generate                         0x080058b0   Section        0  foc.o(i.SVPWM_Generate)
    SVPWM_Generate                           0x080058b1   Thumb Code   278  foc.o(i.SVPWM_Generate)
    i.SysTick_Handler                        0x080059d0   Section        0  stm32g4xx_it.o(i.SysTick_Handler)
    i.SystemClock_Config                     0x080059de   Section        0  main.o(i.SystemClock_Config)
    i.SystemInit                             0x08005a48   Section        0  system_stm32g4xx.o(i.SystemInit)
    i.TIM_Base_SetConfig                     0x08005a58   Section        0  stm32g4xx_hal_tim.o(i.TIM_Base_SetConfig)
    i.TIM_CCxChannelCmd                      0x08005b14   Section        0  stm32g4xx_hal_tim.o(i.TIM_CCxChannelCmd)
    i.TIM_CCxNChannelCmd                     0x08005b2e   Section        0  stm32g4xx_hal_tim_ex.o(i.TIM_CCxNChannelCmd)
    TIM_CCxNChannelCmd                       0x08005b2f   Thumb Code    26  stm32g4xx_hal_tim_ex.o(i.TIM_CCxNChannelCmd)
    i.TIM_ETR_SetConfig                      0x08005b48   Section        0  stm32g4xx_hal_tim.o(i.TIM_ETR_SetConfig)
    i.TIM_ITRx_SetConfig                     0x08005b5c   Section        0  stm32g4xx_hal_tim.o(i.TIM_ITRx_SetConfig)
    TIM_ITRx_SetConfig                       0x08005b5d   Thumb Code    16  stm32g4xx_hal_tim.o(i.TIM_ITRx_SetConfig)
    i.TIM_OC1_SetConfig                      0x08005b70   Section        0  stm32g4xx_hal_tim.o(i.TIM_OC1_SetConfig)
    TIM_OC1_SetConfig                        0x08005b71   Thumb Code   132  stm32g4xx_hal_tim.o(i.TIM_OC1_SetConfig)
    i.TIM_OC2_SetConfig                      0x08005c0c   Section        0  stm32g4xx_hal_tim.o(i.TIM_OC2_SetConfig)
    i.TIM_OC3_SetConfig                      0x08005c9c   Section        0  stm32g4xx_hal_tim.o(i.TIM_OC3_SetConfig)
    TIM_OC3_SetConfig                        0x08005c9d   Thumb Code   118  stm32g4xx_hal_tim.o(i.TIM_OC3_SetConfig)
    i.TIM_OC4_SetConfig                      0x08005d2c   Section        0  stm32g4xx_hal_tim.o(i.TIM_OC4_SetConfig)
    TIM_OC4_SetConfig                        0x08005d2d   Thumb Code   120  stm32g4xx_hal_tim.o(i.TIM_OC4_SetConfig)
    i.TIM_OC5_SetConfig                      0x08005dbc   Section        0  stm32g4xx_hal_tim.o(i.TIM_OC5_SetConfig)
    TIM_OC5_SetConfig                        0x08005dbd   Thumb Code    86  stm32g4xx_hal_tim.o(i.TIM_OC5_SetConfig)
    i.TIM_OC6_SetConfig                      0x08005e2c   Section        0  stm32g4xx_hal_tim.o(i.TIM_OC6_SetConfig)
    TIM_OC6_SetConfig                        0x08005e2d   Thumb Code    88  stm32g4xx_hal_tim.o(i.TIM_OC6_SetConfig)
    i.TIM_TI1_ConfigInputStage               0x08005e9c   Section        0  stm32g4xx_hal_tim.o(i.TIM_TI1_ConfigInputStage)
    TIM_TI1_ConfigInputStage                 0x08005e9d   Thumb Code    34  stm32g4xx_hal_tim.o(i.TIM_TI1_ConfigInputStage)
    i.TIM_TI2_ConfigInputStage               0x08005ebe   Section        0  stm32g4xx_hal_tim.o(i.TIM_TI2_ConfigInputStage)
    TIM_TI2_ConfigInputStage                 0x08005ebf   Thumb Code    36  stm32g4xx_hal_tim.o(i.TIM_TI2_ConfigInputStage)
    i.UARTEx_SetNbDataToProcess              0x08005ee4   Section        0  stm32g4xx_hal_uart_ex.o(i.UARTEx_SetNbDataToProcess)
    UARTEx_SetNbDataToProcess                0x08005ee5   Thumb Code    62  stm32g4xx_hal_uart_ex.o(i.UARTEx_SetNbDataToProcess)
    i.UART_AdvFeatureConfig                  0x08005f28   Section        0  stm32g4xx_hal_uart.o(i.UART_AdvFeatureConfig)
    i.UART_CheckIdleState                    0x08005ff0   Section        0  stm32g4xx_hal_uart.o(i.UART_CheckIdleState)
    i.UART_DMAAbortOnError                   0x0800609c   Section        0  stm32g4xx_hal_uart.o(i.UART_DMAAbortOnError)
    UART_DMAAbortOnError                     0x0800609d   Thumb Code    20  stm32g4xx_hal_uart.o(i.UART_DMAAbortOnError)
    i.UART_EndRxTransfer                     0x080060b0   Section        0  stm32g4xx_hal_uart.o(i.UART_EndRxTransfer)
    UART_EndRxTransfer                       0x080060b1   Thumb Code    78  stm32g4xx_hal_uart.o(i.UART_EndRxTransfer)
    i.UART_SetConfig                         0x08006104   Section        0  stm32g4xx_hal_uart.o(i.UART_SetConfig)
    i.UART_WaitOnFlagUntilTimeout            0x08006378   Section        0  stm32g4xx_hal_uart.o(i.UART_WaitOnFlagUntilTimeout)
    i.USART3_IRQHandler                      0x0800640c   Section        0  stm32g4xx_it.o(i.USART3_IRQHandler)
    i.UsageFault_Handler                     0x08006418   Section        0  stm32g4xx_it.o(i.UsageFault_Handler)
    i.__0vsnprintf                           0x0800641c   Section        0  printfa.o(i.__0vsnprintf)
    i.__ARM_fpclassifyf                      0x08006450   Section        0  fpclassifyf.o(i.__ARM_fpclassifyf)
    i.__NVIC_SetPriority                     0x08006476   Section        0  stm32g4xx_hal_cortex.o(i.__NVIC_SetPriority)
    __NVIC_SetPriority                       0x08006477   Thumb Code    32  stm32g4xx_hal_cortex.o(i.__NVIC_SetPriority)
    i.__hardfp_cosf                          0x08006498   Section        0  cosf.o(i.__hardfp_cosf)
    i.__hardfp_fmaxf                         0x080065e8   Section        0  fmaxf.o(i.__hardfp_fmaxf)
    i.__hardfp_fminf                         0x08006630   Section        0  fminf.o(i.__hardfp_fminf)
    i.__hardfp_fmodf                         0x08006678   Section        0  fmodf.o(i.__hardfp_fmodf)
    i.__hardfp_sinf                          0x08006728   Section        0  sinf.o(i.__hardfp_sinf)
    i.__mathlib_flt_infnan                   0x080068b8   Section        0  funder.o(i.__mathlib_flt_infnan)
    i.__mathlib_flt_invalid                  0x080068c0   Section        0  funder.o(i.__mathlib_flt_invalid)
    i.__mathlib_flt_underflow                0x080068d0   Section        0  funder.o(i.__mathlib_flt_underflow)
    i.__mathlib_rredf2                       0x080068e0   Section        0  rredf.o(i.__mathlib_rredf2)
    i.__scatterload_copy                     0x08006a34   Section       14  handlers.o(i.__scatterload_copy)
    i.__scatterload_null                     0x08006a42   Section        2  handlers.o(i.__scatterload_null)
    i.__scatterload_zeroinit                 0x08006a44   Section       14  handlers.o(i.__scatterload_zeroinit)
    i.__set_errno                            0x08006a54   Section        0  errno.o(i.__set_errno)
    i._fp_digits                             0x08006a60   Section        0  printfa.o(i._fp_digits)
    _fp_digits                               0x08006a61   Thumb Code   366  printfa.o(i._fp_digits)
    i._printf_core                           0x08006be4   Section        0  printfa.o(i._printf_core)
    _printf_core                             0x08006be5   Thumb Code  1704  printfa.o(i._printf_core)
    i._printf_post_padding                   0x08007298   Section        0  printfa.o(i._printf_post_padding)
    _printf_post_padding                     0x08007299   Thumb Code    36  printfa.o(i._printf_post_padding)
    i._printf_pre_padding                    0x080072bc   Section        0  printfa.o(i._printf_pre_padding)
    _printf_pre_padding                      0x080072bd   Thumb Code    46  printfa.o(i._printf_pre_padding)
    i._snputc                                0x080072ea   Section        0  printfa.o(i._snputc)
    _snputc                                  0x080072eb   Thumb Code    22  printfa.o(i._snputc)
    i.main                                   0x08007300   Section        0  main.o(i.main)
    .constdata                               0x080073a0   Section       24  stm32g4xx_hal_uart.o(.constdata)
    .constdata                               0x080073b8   Section       16  stm32g4xx_hal_uart_ex.o(.constdata)
    numerator                                0x080073b8   Data           8  stm32g4xx_hal_uart_ex.o(.constdata)
    denominator                              0x080073c0   Data           8  stm32g4xx_hal_uart_ex.o(.constdata)
    .constdata                               0x080073c8   Section       16  system_stm32g4xx.o(.constdata)
    .constdata                               0x080073d8   Section        8  system_stm32g4xx.o(.constdata)
    .constdata                               0x080073e0   Section      570  oled.o(.constdata)
    .constdata                               0x0800761c   Section       32  rredf.o(.constdata)
    twooverpi                                0x0800761c   Data          32  rredf.o(.constdata)
    .data                                    0x20000000   Section        4  adc.o(.data)
    HAL_RCC_ADC12_CLK_ENABLED                0x20000000   Data           4  adc.o(.data)
    .data                                    0x20000004   Section       12  stm32g4xx_hal.o(.data)
    .data                                    0x20000010   Section        4  system_stm32g4xx.o(.data)
    .data                                    0x20000014   Section       24  menu.o(.data)
    .data                                    0x2000002c   Section       28  foc.o(.data)
    speed_loop_cnt                           0x2000002c   Data           2  foc.o(.data)
    offset_u                                 0x20000030   Data           4  foc.o(.data)
    offset_v                                 0x20000034   Data           4  foc.o(.data)
    zero_electrical_offset                   0x20000038   Data           4  foc.o(.data)
    target_Iq                                0x2000003c   Data           4  foc.o(.data)
    motor_speed                              0x20000040   Data           4  foc.o(.data)
    last_angle                               0x20000044   Data           4  foc.o(.data)
    .data                                    0x20000048   Section        4  errno.o(.data)
    _errno                                   0x20000048   Data           4  errno.o(.data)
    .bss                                     0x2000004c   Section      216  adc.o(.bss)
    .bss                                     0x20000124   Section       40  cordic.o(.bss)
    .bss                                     0x2000014c   Section       20  dac.o(.bss)
    .bss                                     0x20000160   Section      120  opamp.o(.bss)
    .bss                                     0x200001d8   Section      100  spi.o(.bss)
    .bss                                     0x2000023c   Section       76  tim.o(.bss)
    .bss                                     0x20000288   Section      244  usart.o(.bss)
    .bss                                     0x2000037c   Section       12  ec11.o(.bss)
    .bss                                     0x20000388   Section       12  mt6816.o(.bss)
    .bss                                     0x20000394   Section       84  foc.o(.bss)
    PID_Id                                   0x20000394   Data          28  foc.o(.bss)
    PID_Iq                                   0x200003b0   Data          28  foc.o(.bss)
    PID_Speed                                0x200003cc   Data          28  foc.o(.bss)
    STACK                                    0x200003e8   Section     1024  startup_stm32g431xx.o(STACK)

    Global Symbols

    Symbol Name                              Value     Ov Type        Size  Object(Section)

    BuildAttributes$$THM_ISAv4$E$P$D$K$B$S$7EM$VFPi3$EXTD16$VFPS$VFMA$PE$A:L22UL41UL21$X:L11$S22US41US21$IEEE1$IW$USESV6$~STKCKD$USESV7$~SHL$OTIME$ROPI$IEEEX$EBA8$MICROLIB$REQ8$PRES8$EABIv2 0x00000000   Number         0  anon$$obj.o ABSOLUTE
    __ARM_use_no_argv                        0x00000000   Number         0  main.o ABSOLUTE
    __arm_fini_                               - Undefined Weak Reference
    __cpp_initialize__aeabi_                  - Undefined Weak Reference
    __cxa_finalize                            - Undefined Weak Reference
    __decompress                              - Undefined Weak Reference
    _clock_init                               - Undefined Weak Reference
    _microlib_exit                            - Undefined Weak Reference
    __Vectors_Size                           0x000001d8   Number         0  startup_stm32g431xx.o ABSOLUTE
    __Vectors                                0x08000000   Data           4  startup_stm32g431xx.o(RESET)
    __Vectors_End                            0x080001d8   Data           0  startup_stm32g431xx.o(RESET)
    __main                                   0x080001d9   Thumb Code     0  entry.o(.ARM.Collect$$$$00000000)
    _main_stk                                0x080001d9   Thumb Code     0  entry2.o(.ARM.Collect$$$$00000001)
    _main_scatterload                        0x080001dd   Thumb Code     0  entry5.o(.ARM.Collect$$$$00000004)
    __main_after_scatterload                 0x080001e1   Thumb Code     0  entry5.o(.ARM.Collect$$$$00000004)
    _main_clock                              0x080001e1   Thumb Code     0  entry7b.o(.ARM.Collect$$$$00000008)
    _main_cpp_init                           0x080001e1   Thumb Code     0  entry8b.o(.ARM.Collect$$$$0000000A)
    _main_init                               0x080001e1   Thumb Code     0  entry9a.o(.ARM.Collect$$$$0000000B)
    __rt_lib_shutdown_fini                   0x080001e9   Thumb Code     0  entry12b.o(.ARM.Collect$$$$0000000E)
    __rt_final_cpp                           0x080001ed   Thumb Code     0  entry10a.o(.ARM.Collect$$$$0000000F)
    __rt_final_exit                          0x080001ed   Thumb Code     0  entry11a.o(.ARM.Collect$$$$00000011)
    Reset_Handler                            0x080001f1   Thumb Code     8  startup_stm32g431xx.o(.text)
    COMP1_2_3_IRQHandler                     0x0800020b   Thumb Code     0  startup_stm32g431xx.o(.text)
    COMP4_IRQHandler                         0x0800020b   Thumb Code     0  startup_stm32g431xx.o(.text)
    CORDIC_IRQHandler                        0x0800020b   Thumb Code     0  startup_stm32g431xx.o(.text)
    CRS_IRQHandler                           0x0800020b   Thumb Code     0  startup_stm32g431xx.o(.text)
    DMA1_Channel2_IRQHandler                 0x0800020b   Thumb Code     0  startup_stm32g431xx.o(.text)
    DMA1_Channel3_IRQHandler                 0x0800020b   Thumb Code     0  startup_stm32g431xx.o(.text)
    DMA1_Channel4_IRQHandler                 0x0800020b   Thumb Code     0  startup_stm32g431xx.o(.text)
    DMA1_Channel5_IRQHandler                 0x0800020b   Thumb Code     0  startup_stm32g431xx.o(.text)
    DMA1_Channel6_IRQHandler                 0x0800020b   Thumb Code     0  startup_stm32g431xx.o(.text)
    DMA2_Channel1_IRQHandler                 0x0800020b   Thumb Code     0  startup_stm32g431xx.o(.text)
    DMA2_Channel2_IRQHandler                 0x0800020b   Thumb Code     0  startup_stm32g431xx.o(.text)
    DMA2_Channel3_IRQHandler                 0x0800020b   Thumb Code     0  startup_stm32g431xx.o(.text)
    DMA2_Channel4_IRQHandler                 0x0800020b   Thumb Code     0  startup_stm32g431xx.o(.text)
    DMA2_Channel5_IRQHandler                 0x0800020b   Thumb Code     0  startup_stm32g431xx.o(.text)
    DMA2_Channel6_IRQHandler                 0x0800020b   Thumb Code     0  startup_stm32g431xx.o(.text)
    DMAMUX_OVR_IRQHandler                    0x0800020b   Thumb Code     0  startup_stm32g431xx.o(.text)
    EXTI0_IRQHandler                         0x0800020b   Thumb Code     0  startup_stm32g431xx.o(.text)
    EXTI15_10_IRQHandler                     0x0800020b   Thumb Code     0  startup_stm32g431xx.o(.text)
    EXTI1_IRQHandler                         0x0800020b   Thumb Code     0  startup_stm32g431xx.o(.text)
    EXTI2_IRQHandler                         0x0800020b   Thumb Code     0  startup_stm32g431xx.o(.text)
    EXTI3_IRQHandler                         0x0800020b   Thumb Code     0  startup_stm32g431xx.o(.text)
    EXTI4_IRQHandler                         0x0800020b   Thumb Code     0  startup_stm32g431xx.o(.text)
    EXTI9_5_IRQHandler                       0x0800020b   Thumb Code     0  startup_stm32g431xx.o(.text)
    FDCAN1_IT0_IRQHandler                    0x0800020b   Thumb Code     0  startup_stm32g431xx.o(.text)
    FDCAN1_IT1_IRQHandler                    0x0800020b   Thumb Code     0  startup_stm32g431xx.o(.text)
    FLASH_IRQHandler                         0x0800020b   Thumb Code     0  startup_stm32g431xx.o(.text)
    FMAC_IRQHandler                          0x0800020b   Thumb Code     0  startup_stm32g431xx.o(.text)
    FPU_IRQHandler                           0x0800020b   Thumb Code     0  startup_stm32g431xx.o(.text)
    I2C1_ER_IRQHandler                       0x0800020b   Thumb Code     0  startup_stm32g431xx.o(.text)
    I2C1_EV_IRQHandler                       0x0800020b   Thumb Code     0  startup_stm32g431xx.o(.text)
    I2C2_ER_IRQHandler                       0x0800020b   Thumb Code     0  startup_stm32g431xx.o(.text)
    I2C2_EV_IRQHandler                       0x0800020b   Thumb Code     0  startup_stm32g431xx.o(.text)
    I2C3_ER_IRQHandler                       0x0800020b   Thumb Code     0  startup_stm32g431xx.o(.text)
    I2C3_EV_IRQHandler                       0x0800020b   Thumb Code     0  startup_stm32g431xx.o(.text)
    LPTIM1_IRQHandler                        0x0800020b   Thumb Code     0  startup_stm32g431xx.o(.text)
    LPUART1_IRQHandler                       0x0800020b   Thumb Code     0  startup_stm32g431xx.o(.text)
    PVD_PVM_IRQHandler                       0x0800020b   Thumb Code     0  startup_stm32g431xx.o(.text)
    RCC_IRQHandler                           0x0800020b   Thumb Code     0  startup_stm32g431xx.o(.text)
    RNG_IRQHandler                           0x0800020b   Thumb Code     0  startup_stm32g431xx.o(.text)
    RTC_Alarm_IRQHandler                     0x0800020b   Thumb Code     0  startup_stm32g431xx.o(.text)
    RTC_TAMP_LSECSS_IRQHandler               0x0800020b   Thumb Code     0  startup_stm32g431xx.o(.text)
    RTC_WKUP_IRQHandler                      0x0800020b   Thumb Code     0  startup_stm32g431xx.o(.text)
    SAI1_IRQHandler                          0x0800020b   Thumb Code     0  startup_stm32g431xx.o(.text)
    SPI1_IRQHandler                          0x0800020b   Thumb Code     0  startup_stm32g431xx.o(.text)
    SPI2_IRQHandler                          0x0800020b   Thumb Code     0  startup_stm32g431xx.o(.text)
    SPI3_IRQHandler                          0x0800020b   Thumb Code     0  startup_stm32g431xx.o(.text)
    TIM1_BRK_TIM15_IRQHandler                0x0800020b   Thumb Code     0  startup_stm32g431xx.o(.text)
    TIM1_CC_IRQHandler                       0x0800020b   Thumb Code     0  startup_stm32g431xx.o(.text)
    TIM1_TRG_COM_TIM17_IRQHandler            0x0800020b   Thumb Code     0  startup_stm32g431xx.o(.text)
    TIM1_UP_TIM16_IRQHandler                 0x0800020b   Thumb Code     0  startup_stm32g431xx.o(.text)
    TIM2_IRQHandler                          0x0800020b   Thumb Code     0  startup_stm32g431xx.o(.text)
    TIM3_IRQHandler                          0x0800020b   Thumb Code     0  startup_stm32g431xx.o(.text)
    TIM4_IRQHandler                          0x0800020b   Thumb Code     0  startup_stm32g431xx.o(.text)
    TIM6_DAC_IRQHandler                      0x0800020b   Thumb Code     0  startup_stm32g431xx.o(.text)
    TIM7_IRQHandler                          0x0800020b   Thumb Code     0  startup_stm32g431xx.o(.text)
    TIM8_BRK_IRQHandler                      0x0800020b   Thumb Code     0  startup_stm32g431xx.o(.text)
    TIM8_CC_IRQHandler                       0x0800020b   Thumb Code     0  startup_stm32g431xx.o(.text)
    TIM8_TRG_COM_IRQHandler                  0x0800020b   Thumb Code     0  startup_stm32g431xx.o(.text)
    TIM8_UP_IRQHandler                       0x0800020b   Thumb Code     0  startup_stm32g431xx.o(.text)
    UART4_IRQHandler                         0x0800020b   Thumb Code     0  startup_stm32g431xx.o(.text)
    UCPD1_IRQHandler                         0x0800020b   Thumb Code     0  startup_stm32g431xx.o(.text)
    USART1_IRQHandler                        0x0800020b   Thumb Code     0  startup_stm32g431xx.o(.text)
    USART2_IRQHandler                        0x0800020b   Thumb Code     0  startup_stm32g431xx.o(.text)
    USBWakeUp_IRQHandler                     0x0800020b   Thumb Code     0  startup_stm32g431xx.o(.text)
    USB_HP_IRQHandler                        0x0800020b   Thumb Code     0  startup_stm32g431xx.o(.text)
    USB_LP_IRQHandler                        0x0800020b   Thumb Code     0  startup_stm32g431xx.o(.text)
    WWDG_IRQHandler                          0x0800020b   Thumb Code     0  startup_stm32g431xx.o(.text)
    __aeabi_uldivmod                         0x08000215   Thumb Code    98  uldiv.o(.text)
    __aeabi_memset                           0x08000277   Thumb Code    14  memseta.o(.text)
    __aeabi_memset4                          0x08000277   Thumb Code     0  memseta.o(.text)
    __aeabi_memset8                          0x08000277   Thumb Code     0  memseta.o(.text)
    __aeabi_memclr                           0x08000285   Thumb Code     4  memseta.o(.text)
    __aeabi_memclr4                          0x08000285   Thumb Code     0  memseta.o(.text)
    __aeabi_memclr8                          0x08000285   Thumb Code     0  memseta.o(.text)
    _memset$wrapper                          0x08000289   Thumb Code    18  memseta.o(.text)
    __aeabi_f2d                              0x0800029b   Thumb Code    38  f2d.o(.text)
    __aeabi_uidiv                            0x080002c1   Thumb Code     0  uidiv.o(.text)
    __aeabi_uidivmod                         0x080002c1   Thumb Code    44  uidiv.o(.text)
    __aeabi_llsl                             0x080002ed   Thumb Code    30  llshl.o(.text)
    _ll_shift_l                              0x080002ed   Thumb Code     0  llshl.o(.text)
    __aeabi_llsr                             0x0800030b   Thumb Code    32  llushr.o(.text)
    _ll_ushift_r                             0x0800030b   Thumb Code     0  llushr.o(.text)
    __I$use$fp                               0x0800032b   Thumb Code     0  iusefp.o(.text)
    _frem                                    0x0800032b   Thumb Code    82  frem.o(.text)
    __aeabi_dadd                             0x0800037d   Thumb Code   322  dadd.o(.text)
    __aeabi_dsub                             0x080004bf   Thumb Code     6  dadd.o(.text)
    __aeabi_drsub                            0x080004c5   Thumb Code     6  dadd.o(.text)
    __aeabi_dmul                             0x080004cb   Thumb Code   228  dmul.o(.text)
    __aeabi_ddiv                             0x080005af   Thumb Code   222  ddiv.o(.text)
    __aeabi_d2ulz                            0x0800068d   Thumb Code    48  dfixul.o(.text)
    __aeabi_cdrcmple                         0x080006bd   Thumb Code    48  cdrcmple.o(.text)
    __ARM_fcmp4                              0x080006ed   Thumb Code    54  fcmp4.o(.text)
    _fcmp4                                   0x080006ed   Thumb Code     0  fcmp4.o(.text)
    __scatterload                            0x08000725   Thumb Code    28  init.o(.text)
    __scatterload_rt2                        0x08000725   Thumb Code     0  init.o(.text)
    __aeabi_lasr                             0x08000749   Thumb Code    36  llsshr.o(.text)
    _ll_sshift_r                             0x08000749   Thumb Code     0  llsshr.o(.text)
    _float_round                             0x0800076d   Thumb Code    18  fepilogue.o(.text)
    _float_epilogue                          0x0800077f   Thumb Code    92  fepilogue.o(.text)
    _double_round                            0x080007db   Thumb Code    30  depilogue.o(.text)
    _double_epilogue                         0x080007f9   Thumb Code   156  depilogue.o(.text)
    ADC1_2_IRQHandler                        0x08000895   Thumb Code    18  stm32g4xx_it.o(i.ADC1_2_IRQHandler)
    ADC_ConversionStop                       0x080008b1   Thumb Code   220  stm32g4xx_hal_adc.o(i.ADC_ConversionStop)
    ADC_Disable                              0x08000995   Thumb Code   106  stm32g4xx_hal_adc.o(i.ADC_Disable)
    ADC_Enable                               0x08000a05   Thumb Code   154  stm32g4xx_hal_adc.o(i.ADC_Enable)
    BusFault_Handler                         0x08000ab1   Thumb Code     2  stm32g4xx_it.o(i.BusFault_Handler)
    DAC_Verf_1_65V_Start                     0x08000ab5   Thumb Code    28  dac.o(i.DAC_Verf_1_65V_Start)
    DMA1_Channel1_IRQHandler                 0x08000ad5   Thumb Code     6  stm32g4xx_it.o(i.DMA1_Channel1_IRQHandler)
    DebugMon_Handler                         0x08000b45   Thumb Code     2  stm32g4xx_it.o(i.DebugMon_Handler)
    EC11_Scan                                0x08000b49   Thumb Code   104  ec11.o(i.EC11_Scan)
    Error_Handler                            0x08000bbd   Thumb Code     4  main.o(i.Error_Handler)
    FOC_Align_Zero                           0x08000bc1   Thumb Code   260  foc.o(i.FOC_Align_Zero)
    FOC_Calibrate_ADC                        0x08000cf1   Thumb Code   250  foc.o(i.FOC_Calibrate_ADC)
    FOC_Control_Loop                         0x08000e19   Thumb Code   488  foc.o(i.FOC_Control_Loop)
    FOC_Init                                 0x0800104d   Thumb Code   118  foc.o(i.FOC_Init)
    HAL_ADCEx_EndOfSamplingCallback          0x08001111   Thumb Code     2  stm32g4xx_hal_adc_ex.o(i.HAL_ADCEx_EndOfSamplingCallback)
    HAL_ADCEx_InjectedConfigChannel          0x08001115   Thumb Code  1264  stm32g4xx_hal_adc_ex.o(i.HAL_ADCEx_InjectedConfigChannel)
    HAL_ADCEx_InjectedConvCpltCallback       0x0800162d   Thumb Code    14  main.o(i.HAL_ADCEx_InjectedConvCpltCallback)
    HAL_ADCEx_InjectedQueueOverflowCallback  0x0800163b   Thumb Code     2  stm32g4xx_hal_adc_ex.o(i.HAL_ADCEx_InjectedQueueOverflowCallback)
    HAL_ADCEx_InjectedStart                  0x0800163d   Thumb Code   220  stm32g4xx_hal_adc_ex.o(i.HAL_ADCEx_InjectedStart)
    HAL_ADCEx_InjectedStart_IT               0x08001725   Thumb Code   282  stm32g4xx_hal_adc_ex.o(i.HAL_ADCEx_InjectedStart_IT)
    HAL_ADCEx_InjectedStop                   0x0800184d   Thumb Code    84  stm32g4xx_hal_adc_ex.o(i.HAL_ADCEx_InjectedStop)
    HAL_ADCEx_LevelOutOfWindow2Callback      0x080018a1   Thumb Code     2  stm32g4xx_hal_adc_ex.o(i.HAL_ADCEx_LevelOutOfWindow2Callback)
    HAL_ADCEx_LevelOutOfWindow3Callback      0x080018a3   Thumb Code     2  stm32g4xx_hal_adc_ex.o(i.HAL_ADCEx_LevelOutOfWindow3Callback)
    HAL_ADCEx_MultiModeConfigChannel         0x080018a5   Thumb Code   208  stm32g4xx_hal_adc_ex.o(i.HAL_ADCEx_MultiModeConfigChannel)
    HAL_ADC_ConfigChannel                    0x0800197d   Thumb Code  1006  stm32g4xx_hal_adc.o(i.HAL_ADC_ConfigChannel)
    HAL_ADC_ConvCpltCallback                 0x08001da1   Thumb Code     2  stm32g4xx_hal_adc.o(i.HAL_ADC_ConvCpltCallback)
    HAL_ADC_ErrorCallback                    0x08001da3   Thumb Code     2  stm32g4xx_hal_adc.o(i.HAL_ADC_ErrorCallback)
    HAL_ADC_IRQHandler                       0x08001da5   Thumb Code   612  stm32g4xx_hal_adc.o(i.HAL_ADC_IRQHandler)
    HAL_ADC_Init                             0x08002011   Thumb Code   466  stm32g4xx_hal_adc.o(i.HAL_ADC_Init)
    HAL_ADC_LevelOutOfWindowCallback         0x08002205   Thumb Code     2  stm32g4xx_hal_adc.o(i.HAL_ADC_LevelOutOfWindowCallback)
    HAL_ADC_MspInit                          0x08002209   Thumb Code   216  adc.o(i.HAL_ADC_MspInit)
    HAL_CORDIC_Init                          0x080022ed   Thumb Code    52  stm32g4xx_hal_cordic.o(i.HAL_CORDIC_Init)
    HAL_CORDIC_MspInit                       0x08002321   Thumb Code    30  cordic.o(i.HAL_CORDIC_MspInit)
    HAL_DAC_ConfigChannel                    0x08002349   Thumb Code   450  stm32g4xx_hal_dac.o(i.HAL_DAC_ConfigChannel)
    HAL_DAC_Init                             0x08002515   Thumb Code    40  stm32g4xx_hal_dac.o(i.HAL_DAC_Init)
    HAL_DAC_MspInit                          0x0800253d   Thumb Code    82  dac.o(i.HAL_DAC_MspInit)
    HAL_DAC_SetValue                         0x08002599   Thumb Code    36  stm32g4xx_hal_dac.o(i.HAL_DAC_SetValue)
    HAL_DAC_Start                            0x080025bd   Thumb Code   118  stm32g4xx_hal_dac.o(i.HAL_DAC_Start)
    HAL_DMA_Abort                            0x0800263d   Thumb Code   106  stm32g4xx_hal_dma.o(i.HAL_DMA_Abort)
    HAL_DMA_Abort_IT                         0x080026a7   Thumb Code   120  stm32g4xx_hal_dma.o(i.HAL_DMA_Abort_IT)
    HAL_DMA_IRQHandler                       0x0800271f   Thumb Code   186  stm32g4xx_hal_dma.o(i.HAL_DMA_IRQHandler)
    HAL_DMA_Init                             0x080027d9   Thumb Code   178  stm32g4xx_hal_dma.o(i.HAL_DMA_Init)
    HAL_Delay                                0x08002899   Thumb Code    32  stm32g4xx_hal.o(i.HAL_Delay)
    HAL_GPIO_Init                            0x080028bd   Thumb Code   550  stm32g4xx_hal_gpio.o(i.HAL_GPIO_Init)
    HAL_GPIO_ReadPin                         0x08002b05   Thumb Code    10  stm32g4xx_hal_gpio.o(i.HAL_GPIO_ReadPin)
    HAL_GPIO_WritePin                        0x08002b0f   Thumb Code    10  stm32g4xx_hal_gpio.o(i.HAL_GPIO_WritePin)
    HAL_GetTick                              0x08002b19   Thumb Code     6  stm32g4xx_hal.o(i.HAL_GetTick)
    HAL_HalfDuplex_Init                      0x08002b25   Thumb Code   116  stm32g4xx_hal_uart.o(i.HAL_HalfDuplex_Init)
    HAL_IncTick                              0x08002b99   Thumb Code    12  stm32g4xx_hal.o(i.HAL_IncTick)
    HAL_Init                                 0x08002ba9   Thumb Code    30  stm32g4xx_hal.o(i.HAL_Init)
    HAL_InitTick                             0x08002bc9   Thumb Code    58  stm32g4xx_hal.o(i.HAL_InitTick)
    HAL_MspInit                              0x08002c0d   Thumb Code    42  stm32g4xx_hal_msp.o(i.HAL_MspInit)
    HAL_NVIC_EnableIRQ                       0x08002c3d   Thumb Code    26  stm32g4xx_hal_cortex.o(i.HAL_NVIC_EnableIRQ)
    HAL_NVIC_SetPriority                     0x08002c59   Thumb Code    60  stm32g4xx_hal_cortex.o(i.HAL_NVIC_SetPriority)
    HAL_NVIC_SetPriorityGrouping             0x08002c99   Thumb Code    26  stm32g4xx_hal_cortex.o(i.HAL_NVIC_SetPriorityGrouping)
    HAL_OPAMP_Init                           0x08002cbd   Thumb Code   236  stm32g4xx_hal_opamp.o(i.HAL_OPAMP_Init)
    HAL_OPAMP_MspInit                        0x08002db1   Thumb Code    94  opamp.o(i.HAL_OPAMP_MspInit)
    HAL_OPAMP_Start                          0x08002e19   Thumb Code    44  stm32g4xx_hal_opamp.o(i.HAL_OPAMP_Start)
    HAL_PWREx_ControlVoltageScaling          0x08002e45   Thumb Code   174  stm32g4xx_hal_pwr_ex.o(i.HAL_PWREx_ControlVoltageScaling)
    HAL_PWREx_DisableUCPDDeadBattery         0x08002f01   Thumb Code    12  stm32g4xx_hal_pwr_ex.o(i.HAL_PWREx_DisableUCPDDeadBattery)
    HAL_RCCEx_PeriphCLKConfig                0x08002f11   Thumb Code   638  stm32g4xx_hal_rcc_ex.o(i.HAL_RCCEx_PeriphCLKConfig)
    HAL_RCC_ClockConfig                      0x08003199   Thumb Code   444  stm32g4xx_hal_rcc.o(i.HAL_RCC_ClockConfig)
    HAL_RCC_GetHCLKFreq                      0x08003375   Thumb Code     6  stm32g4xx_hal_rcc.o(i.HAL_RCC_GetHCLKFreq)
    HAL_RCC_GetPCLK1Freq                     0x08003381   Thumb Code    24  stm32g4xx_hal_rcc.o(i.HAL_RCC_GetPCLK1Freq)
    HAL_RCC_GetPCLK2Freq                     0x080033a5   Thumb Code    24  stm32g4xx_hal_rcc.o(i.HAL_RCC_GetPCLK2Freq)
    HAL_RCC_GetSysClockFreq                  0x080033c9   Thumb Code    98  stm32g4xx_hal_rcc.o(i.HAL_RCC_GetSysClockFreq)
    HAL_RCC_OscConfig                        0x08003435   Thumb Code  1028  stm32g4xx_hal_rcc.o(i.HAL_RCC_OscConfig)
    HAL_SPI_Init                             0x08003839   Thumb Code   234  stm32g4xx_hal_spi.o(i.HAL_SPI_Init)
    HAL_SPI_MspInit                          0x08003925   Thumb Code    86  spi.o(i.HAL_SPI_MspInit)
    HAL_SPI_TransmitReceive                  0x08003989   Thumb Code   620  stm32g4xx_hal_spi.o(i.HAL_SPI_TransmitReceive)
    HAL_SYSTICK_Config                       0x08003bf5   Thumb Code    40  stm32g4xx_hal_cortex.o(i.HAL_SYSTICK_Config)
    HAL_TIMEx_ConfigBreakDeadTime            0x08003c1d   Thumb Code   148  stm32g4xx_hal_tim_ex.o(i.HAL_TIMEx_ConfigBreakDeadTime)
    HAL_TIMEx_MasterConfigSynchronization    0x08003cb9   Thumb Code   132  stm32g4xx_hal_tim_ex.o(i.HAL_TIMEx_MasterConfigSynchronization)
    HAL_TIMEx_PWMN_Start                     0x08003d55   Thumb Code   158  stm32g4xx_hal_tim_ex.o(i.HAL_TIMEx_PWMN_Start)
    HAL_TIM_Base_Init                        0x08003e0d   Thumb Code    98  stm32g4xx_hal_tim.o(i.HAL_TIM_Base_Init)
    HAL_TIM_Base_MspInit                     0x08003e71   Thumb Code    30  tim.o(i.HAL_TIM_Base_MspInit)
    HAL_TIM_Base_Start                       0x08003e99   Thumb Code    84  stm32g4xx_hal_tim.o(i.HAL_TIM_Base_Start)
    HAL_TIM_Base_Stop                        0x08003f05   Thumb Code    38  stm32g4xx_hal_tim.o(i.HAL_TIM_Base_Stop)
    HAL_TIM_ConfigClockSource                0x08003f2d   Thumb Code   246  stm32g4xx_hal_tim.o(i.HAL_TIM_ConfigClockSource)
    HAL_TIM_MspPostInit                      0x0800402d   Thumb Code   160  tim.o(i.HAL_TIM_MspPostInit)
    HAL_TIM_PWM_ConfigChannel                0x080040d9   Thumb Code   292  stm32g4xx_hal_tim.o(i.HAL_TIM_PWM_ConfigChannel)
    HAL_TIM_PWM_Init                         0x080041fd   Thumb Code    98  stm32g4xx_hal_tim.o(i.HAL_TIM_PWM_Init)
    HAL_TIM_PWM_MspInit                      0x0800425f   Thumb Code     2  stm32g4xx_hal_tim.o(i.HAL_TIM_PWM_MspInit)
    HAL_TIM_PWM_Start                        0x08004261   Thumb Code   218  stm32g4xx_hal_tim.o(i.HAL_TIM_PWM_Start)
    HAL_UARTEx_DisableFifoMode               0x0800435d   Thumb Code    62  stm32g4xx_hal_uart_ex.o(i.HAL_UARTEx_DisableFifoMode)
    HAL_UARTEx_RxEventCallback               0x0800439b   Thumb Code     2  stm32g4xx_hal_uart.o(i.HAL_UARTEx_RxEventCallback)
    HAL_UARTEx_RxFifoFullCallback            0x0800439d   Thumb Code     2  stm32g4xx_hal_uart_ex.o(i.HAL_UARTEx_RxFifoFullCallback)
    HAL_UARTEx_SetRxFifoThreshold            0x0800439f   Thumb Code    76  stm32g4xx_hal_uart_ex.o(i.HAL_UARTEx_SetRxFifoThreshold)
    HAL_UARTEx_SetTxFifoThreshold            0x080043eb   Thumb Code    76  stm32g4xx_hal_uart_ex.o(i.HAL_UARTEx_SetTxFifoThreshold)
    HAL_UARTEx_TxFifoEmptyCallback           0x08004437   Thumb Code     2  stm32g4xx_hal_uart_ex.o(i.HAL_UARTEx_TxFifoEmptyCallback)
    HAL_UARTEx_WakeupCallback                0x08004439   Thumb Code     2  stm32g4xx_hal_uart_ex.o(i.HAL_UARTEx_WakeupCallback)
    HAL_UART_ErrorCallback                   0x0800443b   Thumb Code     2  stm32g4xx_hal_uart.o(i.HAL_UART_ErrorCallback)
    HAL_UART_IRQHandler                      0x0800443d   Thumb Code   766  stm32g4xx_hal_uart.o(i.HAL_UART_IRQHandler)
    HAL_UART_MspInit                         0x08004749   Thumb Code   172  usart.o(i.HAL_UART_MspInit)
    HAL_UART_TxCpltCallback                  0x08004809   Thumb Code     2  stm32g4xx_hal_uart.o(i.HAL_UART_TxCpltCallback)
    HardFault_Handler                        0x0800480b   Thumb Code     2  stm32g4xx_it.o(i.HardFault_Handler)
    I2C_SendByte                             0x08004819   Thumb Code    74  bsp_i2c.o(i.I2C_SendByte)
    I2C_Start                                0x08004869   Thumb Code    56  bsp_i2c.o(i.I2C_Start)
    I2C_Stop                                 0x080048a5   Thumb Code    42  bsp_i2c.o(i.I2C_Stop)
    I2C_WaitAck                              0x080048d5   Thumb Code    66  bsp_i2c.o(i.I2C_WaitAck)
    MT6816_Init                              0x080049c1   Thumb Code    34  mt6816.o(i.MT6816_Init)
    MT6816_Update                            0x080049ed   Thumb Code   190  mt6816.o(i.MT6816_Update)
    MX_ADC1_Init                             0x08004ac1   Thumb Code   206  adc.o(i.MX_ADC1_Init)
    MX_ADC2_Init                             0x08004b99   Thumb Code   182  adc.o(i.MX_ADC2_Init)
    MX_CORDIC_Init                           0x08004c5d   Thumb Code    28  cordic.o(i.MX_CORDIC_Init)
    MX_DAC1_Init                             0x08004c81   Thumb Code    80  dac.o(i.MX_DAC1_Init)
    MX_DMA_Init                              0x08004cd9   Thumb Code    56  dma.o(i.MX_DMA_Init)
    MX_GPIO_Init                             0x08004d15   Thumb Code   192  gpio.o(i.MX_GPIO_Init)
    MX_OPAMP1_Init                           0x08004de1   Thumb Code    42  opamp.o(i.MX_OPAMP1_Init)
    MX_OPAMP2_Init                           0x08004e15   Thumb Code    42  opamp.o(i.MX_OPAMP2_Init)
    MX_SPI3_Init                             0x08004e49   Thumb Code    72  spi.o(i.MX_SPI3_Init)
    MX_TIM1_Init                             0x08004e99   Thumb Code   264  tim.o(i.MX_TIM1_Init)
    MX_USART3_UART_Init                      0x08004fa9   Thumb Code    94  usart.o(i.MX_USART3_UART_Init)
    MemManage_Handler                        0x08005011   Thumb Code     2  stm32g4xx_it.o(i.MemManage_Handler)
    Menu_Analyse                             0x08005015   Thumb Code   622  menu.o(i.Menu_Analyse)
    NMI_Handler                              0x08005415   Thumb Code     2  stm32g4xx_it.o(i.NMI_Handler)
    OLED_Clear                               0x08005417   Thumb Code    52  oled.o(i.OLED_Clear)
    OLED_Init                                0x0800544b   Thumb Code   184  oled.o(i.OLED_Init)
    OLED_Printf                              0x08005503   Thumb Code    40  oled.o(i.OLED_Printf)
    OLED_SetCursor                           0x0800552b   Thumb Code    34  oled.o(i.OLED_SetCursor)
    OLED_ShowChar                            0x0800554d   Thumb Code    38  oled.o(i.OLED_ShowChar)
    OLED_ShowString                          0x08005579   Thumb Code    42  oled.o(i.OLED_ShowString)
    PID_Calculate                            0x080055e7   Thumb Code   134  pid.o(i.PID_Calculate)
    PID_Init                                 0x0800566d   Thumb Code    26  pid.o(i.PID_Init)
    PendSV_Handler                           0x0800568d   Thumb Code     2  stm32g4xx_it.o(i.PendSV_Handler)
    SPI_ReadWriteByte16                      0x080056f1   Thumb Code    32  bsp_spi.o(i.SPI_ReadWriteByte16)
    SVC_Handler                              0x080058ad   Thumb Code     2  stm32g4xx_it.o(i.SVC_Handler)
    SysTick_Handler                          0x080059d1   Thumb Code    14  stm32g4xx_it.o(i.SysTick_Handler)
    SystemClock_Config                       0x080059df   Thumb Code   104  main.o(i.SystemClock_Config)
    SystemInit                               0x08005a49   Thumb Code    12  system_stm32g4xx.o(i.SystemInit)
    TIM_Base_SetConfig                       0x08005a59   Thumb Code   160  stm32g4xx_hal_tim.o(i.TIM_Base_SetConfig)
    TIM_CCxChannelCmd                        0x08005b15   Thumb Code    26  stm32g4xx_hal_tim.o(i.TIM_CCxChannelCmd)
    TIM_ETR_SetConfig                        0x08005b49   Thumb Code    20  stm32g4xx_hal_tim.o(i.TIM_ETR_SetConfig)
    TIM_OC2_SetConfig                        0x08005c0d   Thumb Code   120  stm32g4xx_hal_tim.o(i.TIM_OC2_SetConfig)
    UART_AdvFeatureConfig                    0x08005f29   Thumb Code   200  stm32g4xx_hal_uart.o(i.UART_AdvFeatureConfig)
    UART_CheckIdleState                      0x08005ff1   Thumb Code   172  stm32g4xx_hal_uart.o(i.UART_CheckIdleState)
    UART_SetConfig                           0x08006105   Thumb Code   582  stm32g4xx_hal_uart.o(i.UART_SetConfig)
    UART_WaitOnFlagUntilTimeout              0x08006379   Thumb Code   148  stm32g4xx_hal_uart.o(i.UART_WaitOnFlagUntilTimeout)
    USART3_IRQHandler                        0x0800640d   Thumb Code     6  stm32g4xx_it.o(i.USART3_IRQHandler)
    UsageFault_Handler                       0x08006419   Thumb Code     2  stm32g4xx_it.o(i.UsageFault_Handler)
    __0vsnprintf                             0x0800641d   Thumb Code    46  printfa.o(i.__0vsnprintf)
    __1vsnprintf                             0x0800641d   Thumb Code     0  printfa.o(i.__0vsnprintf)
    __2vsnprintf                             0x0800641d   Thumb Code     0  printfa.o(i.__0vsnprintf)
    __c89vsnprintf                           0x0800641d   Thumb Code     0  printfa.o(i.__0vsnprintf)
    vsnprintf                                0x0800641d   Thumb Code     0  printfa.o(i.__0vsnprintf)
    __ARM_fpclassifyf                        0x08006451   Thumb Code    38  fpclassifyf.o(i.__ARM_fpclassifyf)
    __hardfp_cosf                            0x08006499   Thumb Code   280  cosf.o(i.__hardfp_cosf)
    __hardfp_fmaxf                           0x080065e9   Thumb Code    72  fmaxf.o(i.__hardfp_fmaxf)
    __hardfp_fminf                           0x08006631   Thumb Code    72  fminf.o(i.__hardfp_fminf)
    __hardfp_fmodf                           0x08006679   Thumb Code   176  fmodf.o(i.__hardfp_fmodf)
    __hardfp_sinf                            0x08006729   Thumb Code   344  sinf.o(i.__hardfp_sinf)
    __mathlib_flt_infnan                     0x080068b9   Thumb Code     6  funder.o(i.__mathlib_flt_infnan)
    __mathlib_flt_invalid                    0x080068c1   Thumb Code    10  funder.o(i.__mathlib_flt_invalid)
    __mathlib_flt_underflow                  0x080068d1   Thumb Code    10  funder.o(i.__mathlib_flt_underflow)
    __mathlib_rredf2                         0x080068e1   Thumb Code   316  rredf.o(i.__mathlib_rredf2)
    __scatterload_copy                       0x08006a35   Thumb Code    14  handlers.o(i.__scatterload_copy)
    __scatterload_null                       0x08006a43   Thumb Code     2  handlers.o(i.__scatterload_null)
    __scatterload_zeroinit                   0x08006a45   Thumb Code    14  handlers.o(i.__scatterload_zeroinit)
    __set_errno                              0x08006a55   Thumb Code     6  errno.o(i.__set_errno)
    main                                     0x08007301   Thumb Code   128  main.o(i.main)
    UARTPrescTable                           0x080073a0   Data          24  stm32g4xx_hal_uart.o(.constdata)
    AHBPrescTable                            0x080073c8   Data          16  system_stm32g4xx.o(.constdata)
    APBPrescTable                            0x080073d8   Data           8  system_stm32g4xx.o(.constdata)
    OLED_F6x8                                0x080073e0   Data         570  oled.o(.constdata)
    Region$$Table$$Base                      0x0800763c   Number         0  anon$$obj.o(Region$$Table)
    Region$$Table$$Limit                     0x0800765c   Number         0  anon$$obj.o(Region$$Table)
    uwTickPrio                               0x20000004   Data           4  stm32g4xx_hal.o(.data)
    uwTickFreq                               0x20000008   Data           4  stm32g4xx_hal.o(.data)
    uwTick                                   0x2000000c   Data           4  stm32g4xx_hal.o(.data)
    SystemCoreClock                          0x20000010   Data           4  system_stm32g4xx.o(.data)
    current_mode                             0x20000014   Data           1  menu.o(.data)
    menu_index                               0x20000015   Data           1  menu.o(.data)
    Target_Speed                             0x20000018   Data           4  menu.o(.data)
    Speed_Kp                                 0x2000001c   Data           4  menu.o(.data)
    Speed_Ki                                 0x20000020   Data           4  menu.o(.data)
    Current_Kp                               0x20000024   Data           4  menu.o(.data)
    Current_Ki                               0x20000028   Data           4  menu.o(.data)
    hadc1                                    0x2000004c   Data         108  adc.o(.bss)
    hadc2                                    0x200000b8   Data         108  adc.o(.bss)
    hcordic                                  0x20000124   Data          40  cordic.o(.bss)
    hdac1                                    0x2000014c   Data          20  dac.o(.bss)
    hopamp1                                  0x20000160   Data          60  opamp.o(.bss)
    hopamp2                                  0x2000019c   Data          60  opamp.o(.bss)
    hspi3                                    0x200001d8   Data         100  spi.o(.bss)
    htim1                                    0x2000023c   Data          76  tim.o(.bss)
    huart3                                   0x20000288   Data         148  usart.o(.bss)
    hdma_usart3_tx                           0x2000031c   Data          96  usart.o(.bss)
    EC11                                     0x2000037c   Data          12  ec11.o(.bss)
    mt6816                                   0x20000388   Data          12  mt6816.o(.bss)
    __initial_sp                             0x200007e8   Data           0  startup_stm32g431xx.o(STACK)



==============================================================================

Memory Map of the image

  Image Entry point : 0x080001d9

  Load Region LR_IROM1 (Base: 0x08000000, Size: 0x000076a8, Max: 0x00020000, ABSOLUTE)

    Execution Region ER_IROM1 (Exec base: 0x08000000, Load base: 0x08000000, Size: 0x0000765c, Max: 0x00020000, ABSOLUTE)

    Exec Addr    Load Addr    Size         Type   Attr      Idx    E Section Name        Object

    0x08000000   0x08000000   0x000001d8   Data   RO            3    RESET               startup_stm32g431xx.o
    0x080001d8   0x080001d8   0x00000000   Code   RO         5710  * .ARM.Collect$$$$00000000  mc_w.l(entry.o)
    0x080001d8   0x080001d8   0x00000004   Code   RO         5766    .ARM.Collect$$$$00000001  mc_w.l(entry2.o)
    0x080001dc   0x080001dc   0x00000004   Code   RO         5769    .ARM.Collect$$$$00000004  mc_w.l(entry5.o)
    0x080001e0   0x080001e0   0x00000000   Code   RO         5771    .ARM.Collect$$$$00000008  mc_w.l(entry7b.o)
    0x080001e0   0x080001e0   0x00000000   Code   RO         5773    .ARM.Collect$$$$0000000A  mc_w.l(entry8b.o)
    0x080001e0   0x080001e0   0x00000008   Code   RO         5774    .ARM.Collect$$$$0000000B  mc_w.l(entry9a.o)
    0x080001e8   0x080001e8   0x00000004   Code   RO         5781    .ARM.Collect$$$$0000000E  mc_w.l(entry12b.o)
    0x080001ec   0x080001ec   0x00000000   Code   RO         5776    .ARM.Collect$$$$0000000F  mc_w.l(entry10a.o)
    0x080001ec   0x080001ec   0x00000000   Code   RO         5778    .ARM.Collect$$$$00000011  mc_w.l(entry11a.o)
    0x080001ec   0x080001ec   0x00000004   Code   RO         5767    .ARM.Collect$$$$00002712  mc_w.l(entry2.o)
    0x080001f0   0x080001f0   0x00000024   Code   RO            4    .text               startup_stm32g431xx.o
    0x08000214   0x08000214   0x00000062   Code   RO         5713    .text               mc_w.l(uldiv.o)
    0x08000276   0x08000276   0x00000024   Code   RO         5715    .text               mc_w.l(memseta.o)
    0x0800029a   0x0800029a   0x00000026   Code   RO         5745    .text               mf_w.l(f2d.o)
    0x080002c0   0x080002c0   0x0000002c   Code   RO         5785    .text               mc_w.l(uidiv.o)
    0x080002ec   0x080002ec   0x0000001e   Code   RO         5787    .text               mc_w.l(llshl.o)
    0x0800030a   0x0800030a   0x00000020   Code   RO         5789    .text               mc_w.l(llushr.o)
    0x0800032a   0x0800032a   0x00000000   Code   RO         5798    .text               mc_w.l(iusefp.o)
    0x0800032a   0x0800032a   0x00000052   Code   RO         5799    .text               mf_w.l(frem.o)
    0x0800037c   0x0800037c   0x0000014e   Code   RO         5801    .text               mf_w.l(dadd.o)
    0x080004ca   0x080004ca   0x000000e4   Code   RO         5803    .text               mf_w.l(dmul.o)
    0x080005ae   0x080005ae   0x000000de   Code   RO         5805    .text               mf_w.l(ddiv.o)
    0x0800068c   0x0800068c   0x00000030   Code   RO         5807    .text               mf_w.l(dfixul.o)
    0x080006bc   0x080006bc   0x00000030   Code   RO         5809    .text               mf_w.l(cdrcmple.o)
    0x080006ec   0x080006ec   0x00000036   Code   RO         5811    .text               mf_w.l(fcmp4.o)
    0x08000722   0x08000722   0x00000002   PAD
    0x08000724   0x08000724   0x00000024   Code   RO         5813    .text               mc_w.l(init.o)
    0x08000748   0x08000748   0x00000024   Code   RO         5816    .text               mc_w.l(llsshr.o)
    0x0800076c   0x0800076c   0x0000006e   Code   RO         5819    .text               mf_w.l(fepilogue.o)
    0x080007da   0x080007da   0x000000ba   Code   RO         5821    .text               mf_w.l(depilogue.o)
    0x08000894   0x08000894   0x0000001c   Code   RO          620    i.ADC1_2_IRQHandler  stm32g4xx_it.o
    0x080008b0   0x080008b0   0x000000e4   Code   RO          738    i.ADC_ConversionStop  stm32g4xx_hal_adc.o
    0x08000994   0x08000994   0x00000070   Code   RO          742    i.ADC_Disable       stm32g4xx_hal_adc.o
    0x08000a04   0x08000a04   0x000000ac   Code   RO          743    i.ADC_Enable        stm32g4xx_hal_adc.o
    0x08000ab0   0x08000ab0   0x00000002   Code   RO          621    i.BusFault_Handler  stm32g4xx_it.o
    0x08000ab2   0x08000ab2   0x00000002   PAD
    0x08000ab4   0x08000ab4   0x00000020   Code   RO          368    i.DAC_Verf_1_65V_Start  dac.o
    0x08000ad4   0x08000ad4   0x0000000c   Code   RO          622    i.DMA1_Channel1_IRQHandler  stm32g4xx_it.o
    0x08000ae0   0x08000ae0   0x00000040   Code   RO         2036    i.DMA_CalcDMAMUXChannelBaseAndMask  stm32g4xx_hal_dma.o
    0x08000b20   0x08000b20   0x00000024   Code   RO         2037    i.DMA_CalcDMAMUXRequestGenBaseAndMask  stm32g4xx_hal_dma.o
    0x08000b44   0x08000b44   0x00000002   Code   RO          623    i.DebugMon_Handler  stm32g4xx_it.o
    0x08000b46   0x08000b46   0x00000002   PAD
    0x08000b48   0x08000b48   0x00000074   Code   RO         5403    i.EC11_Scan         ec11.o
    0x08000bbc   0x08000bbc   0x00000004   Code   RO           13    i.Error_Handler     main.o
    0x08000bc0   0x08000bc0   0x00000130   Code   RO         5599    i.FOC_Align_Zero    foc.o
    0x08000cf0   0x08000cf0   0x00000128   Code   RO         5600    i.FOC_Calibrate_ADC  foc.o
    0x08000e18   0x08000e18   0x00000234   Code   RO         5601    i.FOC_Control_Loop  foc.o
    0x0800104c   0x0800104c   0x0000009c   Code   RO         5602    i.FOC_Init          foc.o
    0x080010e8   0x080010e8   0x00000028   Code   RO         5603    i.Fast_Sin_Cos_Hardware  foc.o
    0x08001110   0x08001110   0x00000002   Code   RO          980    i.HAL_ADCEx_EndOfSamplingCallback  stm32g4xx_hal_adc_ex.o
    0x08001112   0x08001112   0x00000002   PAD
    0x08001114   0x08001114   0x00000518   Code   RO          982    i.HAL_ADCEx_InjectedConfigChannel  stm32g4xx_hal_adc_ex.o
    0x0800162c   0x0800162c   0x0000000e   Code   RO           14    i.HAL_ADCEx_InjectedConvCpltCallback  main.o
    0x0800163a   0x0800163a   0x00000002   Code   RO          986    i.HAL_ADCEx_InjectedQueueOverflowCallback  stm32g4xx_hal_adc_ex.o
    0x0800163c   0x0800163c   0x000000e8   Code   RO          987    i.HAL_ADCEx_InjectedStart  stm32g4xx_hal_adc_ex.o
    0x08001724   0x08001724   0x00000128   Code   RO          988    i.HAL_ADCEx_InjectedStart_IT  stm32g4xx_hal_adc_ex.o
    0x0800184c   0x0800184c   0x00000054   Code   RO          989    i.HAL_ADCEx_InjectedStop  stm32g4xx_hal_adc_ex.o
    0x080018a0   0x080018a0   0x00000002   Code   RO          991    i.HAL_ADCEx_LevelOutOfWindow2Callback  stm32g4xx_hal_adc_ex.o
    0x080018a2   0x080018a2   0x00000002   Code   RO          992    i.HAL_ADCEx_LevelOutOfWindow3Callback  stm32g4xx_hal_adc_ex.o
    0x080018a4   0x080018a4   0x000000d8   Code   RO          993    i.HAL_ADCEx_MultiModeConfigChannel  stm32g4xx_hal_adc_ex.o
    0x0800197c   0x0800197c   0x00000424   Code   RO          745    i.HAL_ADC_ConfigChannel  stm32g4xx_hal_adc.o
    0x08001da0   0x08001da0   0x00000002   Code   RO          746    i.HAL_ADC_ConvCpltCallback  stm32g4xx_hal_adc.o
    0x08001da2   0x08001da2   0x00000002   Code   RO          749    i.HAL_ADC_ErrorCallback  stm32g4xx_hal_adc.o
    0x08001da4   0x08001da4   0x0000026c   Code   RO          753    i.HAL_ADC_IRQHandler  stm32g4xx_hal_adc.o
    0x08002010   0x08002010   0x000001f4   Code   RO          754    i.HAL_ADC_Init      stm32g4xx_hal_adc.o
    0x08002204   0x08002204   0x00000002   Code   RO          755    i.HAL_ADC_LevelOutOfWindowCallback  stm32g4xx_hal_adc.o
    0x08002206   0x08002206   0x00000002   PAD
    0x08002208   0x08002208   0x000000e4   Code   RO          278    i.HAL_ADC_MspInit   adc.o
    0x080022ec   0x080022ec   0x00000034   Code   RO         2694    i.HAL_CORDIC_Init   stm32g4xx_hal_cordic.o
    0x08002320   0x08002320   0x00000028   Code   RO          327    i.HAL_CORDIC_MspInit  cordic.o
    0x08002348   0x08002348   0x000001cc   Code   RO         2808    i.HAL_DAC_ConfigChannel  stm32g4xx_hal_dac.o
    0x08002514   0x08002514   0x00000028   Code   RO         2818    i.HAL_DAC_Init      stm32g4xx_hal_dac.o
    0x0800253c   0x0800253c   0x0000005c   Code   RO          370    i.HAL_DAC_MspInit   dac.o
    0x08002598   0x08002598   0x00000024   Code   RO         2821    i.HAL_DAC_SetValue  stm32g4xx_hal_dac.o
    0x080025bc   0x080025bc   0x00000080   Code   RO         2822    i.HAL_DAC_Start     stm32g4xx_hal_dac.o
    0x0800263c   0x0800263c   0x0000006a   Code   RO         2039    i.HAL_DMA_Abort     stm32g4xx_hal_dma.o
    0x080026a6   0x080026a6   0x00000078   Code   RO         2040    i.HAL_DMA_Abort_IT  stm32g4xx_hal_dma.o
    0x0800271e   0x0800271e   0x000000ba   Code   RO         2044    i.HAL_DMA_IRQHandler  stm32g4xx_hal_dma.o
    0x080027d8   0x080027d8   0x000000c0   Code   RO         2045    i.HAL_DMA_Init      stm32g4xx_hal_dma.o
    0x08002898   0x08002898   0x00000024   Code   RO         1192    i.HAL_Delay         stm32g4xx_hal.o
    0x080028bc   0x080028bc   0x00000248   Code   RO         1901    i.HAL_GPIO_Init     stm32g4xx_hal_gpio.o
    0x08002b04   0x08002b04   0x0000000a   Code   RO         1903    i.HAL_GPIO_ReadPin  stm32g4xx_hal_gpio.o
    0x08002b0e   0x08002b0e   0x0000000a   Code   RO         1905    i.HAL_GPIO_WritePin  stm32g4xx_hal_gpio.o
    0x08002b18   0x08002b18   0x0000000c   Code   RO         1196    i.HAL_GetTick       stm32g4xx_hal.o
    0x08002b24   0x08002b24   0x00000074   Code   RO         4699    i.HAL_HalfDuplex_Init  stm32g4xx_hal_uart.o
    0x08002b98   0x08002b98   0x00000010   Code   RO         1202    i.HAL_IncTick       stm32g4xx_hal.o
    0x08002ba8   0x08002ba8   0x0000001e   Code   RO         1203    i.HAL_Init          stm32g4xx_hal.o
    0x08002bc6   0x08002bc6   0x00000002   PAD
    0x08002bc8   0x08002bc8   0x00000044   Code   RO         1204    i.HAL_InitTick      stm32g4xx_hal.o
    0x08002c0c   0x08002c0c   0x00000030   Code   RO          714    i.HAL_MspInit       stm32g4xx_hal_msp.o
    0x08002c3c   0x08002c3c   0x0000001a   Code   RO         2548    i.HAL_NVIC_EnableIRQ  stm32g4xx_hal_cortex.o
    0x08002c56   0x08002c56   0x00000002   PAD
    0x08002c58   0x08002c58   0x00000040   Code   RO         2554    i.HAL_NVIC_SetPriority  stm32g4xx_hal_cortex.o
    0x08002c98   0x08002c98   0x00000024   Code   RO         2555    i.HAL_NVIC_SetPriorityGrouping  stm32g4xx_hal_cortex.o
    0x08002cbc   0x08002cbc   0x000000f4   Code   RO         3096    i.HAL_OPAMP_Init    stm32g4xx_hal_opamp.o
    0x08002db0   0x08002db0   0x00000068   Code   RO          441    i.HAL_OPAMP_MspInit  opamp.o
    0x08002e18   0x08002e18   0x0000002c   Code   RO         3102    i.HAL_OPAMP_Start   stm32g4xx_hal_opamp.o
    0x08002e44   0x08002e44   0x000000bc   Code   RO         2304    i.HAL_PWREx_ControlVoltageScaling  stm32g4xx_hal_pwr_ex.o
    0x08002f00   0x08002f00   0x00000010   Code   RO         2316    i.HAL_PWREx_DisableUCPDDeadBattery  stm32g4xx_hal_pwr_ex.o
    0x08002f10   0x08002f10   0x00000288   Code   RO         1563    i.HAL_RCCEx_PeriphCLKConfig  stm32g4xx_hal_rcc_ex.o
    0x08003198   0x08003198   0x000001dc   Code   RO         1438    i.HAL_RCC_ClockConfig  stm32g4xx_hal_rcc.o
    0x08003374   0x08003374   0x0000000c   Code   RO         1444    i.HAL_RCC_GetHCLKFreq  stm32g4xx_hal_rcc.o
    0x08003380   0x08003380   0x00000024   Code   RO         1446    i.HAL_RCC_GetPCLK1Freq  stm32g4xx_hal_rcc.o
    0x080033a4   0x080033a4   0x00000024   Code   RO         1447    i.HAL_RCC_GetPCLK2Freq  stm32g4xx_hal_rcc.o
    0x080033c8   0x080033c8   0x0000006c   Code   RO         1448    i.HAL_RCC_GetSysClockFreq  stm32g4xx_hal_rcc.o
    0x08003434   0x08003434   0x00000404   Code   RO         1451    i.HAL_RCC_OscConfig  stm32g4xx_hal_rcc.o
    0x08003838   0x08003838   0x000000ea   Code   RO         3212    i.HAL_SPI_Init      stm32g4xx_hal_spi.o
    0x08003922   0x08003922   0x00000002   PAD
    0x08003924   0x08003924   0x00000064   Code   RO          489    i.HAL_SPI_MspInit   spi.o
    0x08003988   0x08003988   0x0000026c   Code   RO         3221    i.HAL_SPI_TransmitReceive  stm32g4xx_hal_spi.o
    0x08003bf4   0x08003bf4   0x00000028   Code   RO         2559    i.HAL_SYSTICK_Config  stm32g4xx_hal_cortex.o
    0x08003c1c   0x08003c1c   0x0000009c   Code   RO         4273    i.HAL_TIMEx_ConfigBreakDeadTime  stm32g4xx_hal_tim_ex.o
    0x08003cb8   0x08003cb8   0x0000009c   Code   RO         4310    i.HAL_TIMEx_MasterConfigSynchronization  stm32g4xx_hal_tim_ex.o
    0x08003d54   0x08003d54   0x000000b8   Code   RO         4322    i.HAL_TIMEx_PWMN_Start  stm32g4xx_hal_tim_ex.o
    0x08003e0c   0x08003e0c   0x00000062   Code   RO         3554    i.HAL_TIM_Base_Init  stm32g4xx_hal_tim.o
    0x08003e6e   0x08003e6e   0x00000002   PAD
    0x08003e70   0x08003e70   0x00000028   Code   RO          531    i.HAL_TIM_Base_MspInit  tim.o
    0x08003e98   0x08003e98   0x0000006c   Code   RO         3557    i.HAL_TIM_Base_Start  stm32g4xx_hal_tim.o
    0x08003f04   0x08003f04   0x00000026   Code   RO         3560    i.HAL_TIM_Base_Stop  stm32g4xx_hal_tim.o
    0x08003f2a   0x08003f2a   0x00000002   PAD
    0x08003f2c   0x08003f2c   0x00000100   Code   RO         3563    i.HAL_TIM_ConfigClockSource  stm32g4xx_hal_tim.o
    0x0800402c   0x0800402c   0x000000ac   Code   RO          532    i.HAL_TIM_MspPostInit  tim.o
    0x080040d8   0x080040d8   0x00000124   Code   RO         3626    i.HAL_TIM_PWM_ConfigChannel  stm32g4xx_hal_tim.o
    0x080041fc   0x080041fc   0x00000062   Code   RO         3629    i.HAL_TIM_PWM_Init  stm32g4xx_hal_tim.o
    0x0800425e   0x0800425e   0x00000002   Code   RO         3631    i.HAL_TIM_PWM_MspInit  stm32g4xx_hal_tim.o
    0x08004260   0x08004260   0x000000fc   Code   RO         3634    i.HAL_TIM_PWM_Start  stm32g4xx_hal_tim.o
    0x0800435c   0x0800435c   0x0000003e   Code   RO         5117    i.HAL_UARTEx_DisableFifoMode  stm32g4xx_hal_uart_ex.o
    0x0800439a   0x0800439a   0x00000002   Code   RO         4706    i.HAL_UARTEx_RxEventCallback  stm32g4xx_hal_uart.o
    0x0800439c   0x0800439c   0x00000002   Code   RO         5125    i.HAL_UARTEx_RxFifoFullCallback  stm32g4xx_hal_uart_ex.o
    0x0800439e   0x0800439e   0x0000004c   Code   RO         5126    i.HAL_UARTEx_SetRxFifoThreshold  stm32g4xx_hal_uart_ex.o
    0x080043ea   0x080043ea   0x0000004c   Code   RO         5127    i.HAL_UARTEx_SetTxFifoThreshold  stm32g4xx_hal_uart_ex.o
    0x08004436   0x08004436   0x00000002   Code   RO         5129    i.HAL_UARTEx_TxFifoEmptyCallback  stm32g4xx_hal_uart_ex.o
    0x08004438   0x08004438   0x00000002   Code   RO         5130    i.HAL_UARTEx_WakeupCallback  stm32g4xx_hal_uart_ex.o
    0x0800443a   0x0800443a   0x00000002   Code   RO         4722    i.HAL_UART_ErrorCallback  stm32g4xx_hal_uart.o
    0x0800443c   0x0800443c   0x0000030c   Code   RO         4725    i.HAL_UART_IRQHandler  stm32g4xx_hal_uart.o
    0x08004748   0x08004748   0x000000c0   Code   RO          579    i.HAL_UART_MspInit  usart.o
    0x08004808   0x08004808   0x00000002   Code   RO         4738    i.HAL_UART_TxCpltCallback  stm32g4xx_hal_uart.o
    0x0800480a   0x0800480a   0x00000002   Code   RO          624    i.HardFault_Handler  stm32g4xx_it.o
    0x0800480c   0x0800480c   0x0000000c   Code   RO         5273    i.I2C_Delay         bsp_i2c.o
    0x08004818   0x08004818   0x00000050   Code   RO         5274    i.I2C_SendByte      bsp_i2c.o
    0x08004868   0x08004868   0x0000003c   Code   RO         5275    i.I2C_Start         bsp_i2c.o
    0x080048a4   0x080048a4   0x00000030   Code   RO         5276    i.I2C_Stop          bsp_i2c.o
    0x080048d4   0x080048d4   0x00000048   Code   RO         5277    i.I2C_WaitAck       bsp_i2c.o
    0x0800491c   0x0800491c   0x0000000c   Code   RO          768    i.LL_ADC_GetOffsetChannel  stm32g4xx_hal_adc.o
    0x08004928   0x08004928   0x0000000c   Code   RO         1001    i.LL_ADC_GetOffsetChannel  stm32g4xx_hal_adc_ex.o
    0x08004934   0x08004934   0x00000008   Code   RO          769    i.LL_ADC_INJ_IsConversionOngoing  stm32g4xx_hal_adc.o
    0x0800493c   0x0800493c   0x00000008   Code   RO         1002    i.LL_ADC_INJ_IsConversionOngoing  stm32g4xx_hal_adc_ex.o
    0x08004944   0x08004944   0x00000008   Code   RO          770    i.LL_ADC_REG_IsConversionOngoing  stm32g4xx_hal_adc.o
    0x0800494c   0x0800494c   0x00000008   Code   RO         1003    i.LL_ADC_REG_IsConversionOngoing  stm32g4xx_hal_adc_ex.o
    0x08004954   0x08004954   0x00000010   Code   RO          771    i.LL_ADC_REG_IsTriggerSourceSWStart  stm32g4xx_hal_adc.o
    0x08004964   0x08004964   0x0000001e   Code   RO          773    i.LL_ADC_SetChannelSamplingTime  stm32g4xx_hal_adc.o
    0x08004982   0x08004982   0x0000001e   Code   RO         1004    i.LL_ADC_SetChannelSamplingTime  stm32g4xx_hal_adc_ex.o
    0x080049a0   0x080049a0   0x00000010   Code   RO          774    i.LL_ADC_SetOffsetState  stm32g4xx_hal_adc.o
    0x080049b0   0x080049b0   0x00000010   Code   RO         1005    i.LL_ADC_SetOffsetState  stm32g4xx_hal_adc_ex.o
    0x080049c0   0x080049c0   0x0000002c   Code   RO         5470    i.MT6816_Init       mt6816.o
    0x080049ec   0x080049ec   0x000000d4   Code   RO         5471    i.MT6816_Update     mt6816.o
    0x08004ac0   0x08004ac0   0x000000d8   Code   RO          279    i.MX_ADC1_Init      adc.o
    0x08004b98   0x08004b98   0x000000c4   Code   RO          280    i.MX_ADC2_Init      adc.o
    0x08004c5c   0x08004c5c   0x00000024   Code   RO          328    i.MX_CORDIC_Init    cordic.o
    0x08004c80   0x08004c80   0x00000058   Code   RO          371    i.MX_DAC1_Init      dac.o
    0x08004cd8   0x08004cd8   0x0000003c   Code   RO          416    i.MX_DMA_Init       dma.o
    0x08004d14   0x08004d14   0x000000cc   Code   RO          253    i.MX_GPIO_Init      gpio.o
    0x08004de0   0x08004de0   0x00000034   Code   RO          442    i.MX_OPAMP1_Init    opamp.o
    0x08004e14   0x08004e14   0x00000034   Code   RO          443    i.MX_OPAMP2_Init    opamp.o
    0x08004e48   0x08004e48   0x00000050   Code   RO          490    i.MX_SPI3_Init      spi.o
    0x08004e98   0x08004e98   0x00000110   Code   RO          533    i.MX_TIM1_Init      tim.o
    0x08004fa8   0x08004fa8   0x00000068   Code   RO          580    i.MX_USART3_UART_Init  usart.o
    0x08005010   0x08005010   0x00000002   Code   RO          625    i.MemManage_Handler  stm32g4xx_it.o
    0x08005012   0x08005012   0x00000002   PAD
    0x08005014   0x08005014   0x00000400   Code   RO         5569    i.Menu_Analyse      menu.o
    0x08005414   0x08005414   0x00000002   Code   RO          626    i.NMI_Handler       stm32g4xx_it.o
    0x08005416   0x08005416   0x00000034   Code   RO         5323    i.OLED_Clear        oled.o
    0x0800544a   0x0800544a   0x000000b8   Code   RO         5324    i.OLED_Init         oled.o
    0x08005502   0x08005502   0x00000028   Code   RO         5325    i.OLED_Printf       oled.o
    0x0800552a   0x0800552a   0x00000022   Code   RO         5326    i.OLED_SetCursor    oled.o
    0x0800554c   0x0800554c   0x0000002c   Code   RO         5327    i.OLED_ShowChar     oled.o
    0x08005578   0x08005578   0x0000002a   Code   RO         5328    i.OLED_ShowString   oled.o
    0x080055a2   0x080055a2   0x00000022   Code   RO         5329    i.OLED_WriteCmd     oled.o
    0x080055c4   0x080055c4   0x00000022   Code   RO         5330    i.OLED_WriteData    oled.o
    0x080055e6   0x080055e6   0x00000086   Code   RO         5533    i.PID_Calculate     pid.o
    0x0800566c   0x0800566c   0x00000020   Code   RO         5534    i.PID_Init          pid.o
    0x0800568c   0x0800568c   0x00000002   Code   RO          627    i.PendSV_Handler    stm32g4xx_it.o
    0x0800568e   0x0800568e   0x0000001a   Code   RO         5604    i.Rev_Park_Transform  foc.o
    0x080056a8   0x080056a8   0x00000048   Code   RO         3250    i.SPI_EndRxTxTransaction  stm32g4xx_hal_spi.o
    0x080056f0   0x080056f0   0x00000024   Code   RO         5509    i.SPI_ReadWriteByte16  bsp_spi.o
    0x08005714   0x08005714   0x000000e0   Code   RO         3255    i.SPI_WaitFifoStateUntilTimeout  stm32g4xx_hal_spi.o
    0x080057f4   0x080057f4   0x000000b8   Code   RO         3256    i.SPI_WaitFlagStateUntilTimeout  stm32g4xx_hal_spi.o
    0x080058ac   0x080058ac   0x00000002   Code   RO          628    i.SVC_Handler       stm32g4xx_it.o
    0x080058ae   0x080058ae   0x00000002   PAD
    0x080058b0   0x080058b0   0x00000120   Code   RO         5605    i.SVPWM_Generate    foc.o
    0x080059d0   0x080059d0   0x0000000e   Code   RO          629    i.SysTick_Handler   stm32g4xx_it.o
    0x080059de   0x080059de   0x00000068   Code   RO           15    i.SystemClock_Config  main.o
    0x08005a46   0x08005a46   0x00000002   PAD
    0x08005a48   0x08005a48   0x00000010   Code   RO         5236    i.SystemInit        system_stm32g4xx.o
    0x08005a58   0x08005a58   0x000000bc   Code   RO         3647    i.TIM_Base_SetConfig  stm32g4xx_hal_tim.o
    0x08005b14   0x08005b14   0x0000001a   Code   RO         3648    i.TIM_CCxChannelCmd  stm32g4xx_hal_tim.o
    0x08005b2e   0x08005b2e   0x0000001a   Code   RO         4334    i.TIM_CCxNChannelCmd  stm32g4xx_hal_tim_ex.o
    0x08005b48   0x08005b48   0x00000014   Code   RO         3658    i.TIM_ETR_SetConfig  stm32g4xx_hal_tim.o
    0x08005b5c   0x08005b5c   0x00000014   Code   RO         3659    i.TIM_ITRx_SetConfig  stm32g4xx_hal_tim.o
    0x08005b70   0x08005b70   0x0000009c   Code   RO         3660    i.TIM_OC1_SetConfig  stm32g4xx_hal_tim.o
    0x08005c0c   0x08005c0c   0x00000090   Code   RO         3661    i.TIM_OC2_SetConfig  stm32g4xx_hal_tim.o
    0x08005c9c   0x08005c9c   0x00000090   Code   RO         3662    i.TIM_OC3_SetConfig  stm32g4xx_hal_tim.o
    0x08005d2c   0x08005d2c   0x00000090   Code   RO         3663    i.TIM_OC4_SetConfig  stm32g4xx_hal_tim.o
    0x08005dbc   0x08005dbc   0x00000070   Code   RO         3664    i.TIM_OC5_SetConfig  stm32g4xx_hal_tim.o
    0x08005e2c   0x08005e2c   0x00000070   Code   RO         3665    i.TIM_OC6_SetConfig  stm32g4xx_hal_tim.o
    0x08005e9c   0x08005e9c   0x00000022   Code   RO         3667    i.TIM_TI1_ConfigInputStage  stm32g4xx_hal_tim.o
    0x08005ebe   0x08005ebe   0x00000024   Code   RO         3669    i.TIM_TI2_ConfigInputStage  stm32g4xx_hal_tim.o
    0x08005ee2   0x08005ee2   0x00000002   PAD
    0x08005ee4   0x08005ee4   0x00000044   Code   RO         5131    i.UARTEx_SetNbDataToProcess  stm32g4xx_hal_uart_ex.o
    0x08005f28   0x08005f28   0x000000c8   Code   RO         4740    i.UART_AdvFeatureConfig  stm32g4xx_hal_uart.o
    0x08005ff0   0x08005ff0   0x000000ac   Code   RO         4741    i.UART_CheckIdleState  stm32g4xx_hal_uart.o
    0x0800609c   0x0800609c   0x00000014   Code   RO         4742    i.UART_DMAAbortOnError  stm32g4xx_hal_uart.o
    0x080060b0   0x080060b0   0x00000054   Code   RO         4752    i.UART_EndRxTransfer  stm32g4xx_hal_uart.o
    0x08006104   0x08006104   0x00000274   Code   RO         4758    i.UART_SetConfig    stm32g4xx_hal_uart.o
    0x08006378   0x08006378   0x00000094   Code   RO         4765    i.UART_WaitOnFlagUntilTimeout  stm32g4xx_hal_uart.o
    0x0800640c   0x0800640c   0x0000000c   Code   RO          630    i.USART3_IRQHandler  stm32g4xx_it.o
    0x08006418   0x08006418   0x00000002   Code   RO          631    i.UsageFault_Handler  stm32g4xx_it.o
    0x0800641a   0x0800641a   0x00000002   PAD
    0x0800641c   0x0800641c   0x00000034   Code   RO         5723    i.__0vsnprintf      mc_w.l(printfa.o)
    0x08006450   0x08006450   0x00000026   Code   RO         5747    i.__ARM_fpclassifyf  m_wm.l(fpclassifyf.o)
    0x08006476   0x08006476   0x00000020   Code   RO         2561    i.__NVIC_SetPriority  stm32g4xx_hal_cortex.o
    0x08006496   0x08006496   0x00000002   PAD
    0x08006498   0x08006498   0x00000150   Code   RO         5666    i.__hardfp_cosf     m_wm.l(cosf.o)
    0x080065e8   0x080065e8   0x00000048   Code   RO         5702    i.__hardfp_fmaxf    m_wm.l(fmaxf.o)
    0x08006630   0x08006630   0x00000048   Code   RO         5706    i.__hardfp_fminf    m_wm.l(fminf.o)
    0x08006678   0x08006678   0x000000b0   Code   RO         5678    i.__hardfp_fmodf    m_wm.l(fmodf.o)
    0x08006728   0x08006728   0x00000190   Code   RO         5690    i.__hardfp_sinf     m_wm.l(sinf.o)
    0x080068b8   0x080068b8   0x00000006   Code   RO         5750    i.__mathlib_flt_infnan  m_wm.l(funder.o)
    0x080068be   0x080068be   0x00000002   PAD
    0x080068c0   0x080068c0   0x00000010   Code   RO         5752    i.__mathlib_flt_invalid  m_wm.l(funder.o)
    0x080068d0   0x080068d0   0x00000010   Code   RO         5755    i.__mathlib_flt_underflow  m_wm.l(funder.o)
    0x080068e0   0x080068e0   0x00000154   Code   RO         5763    i.__mathlib_rredf2  m_wm.l(rredf.o)
    0x08006a34   0x08006a34   0x0000000e   Code   RO         5825    i.__scatterload_copy  mc_w.l(handlers.o)
    0x08006a42   0x08006a42   0x00000002   Code   RO         5826    i.__scatterload_null  mc_w.l(handlers.o)
    0x08006a44   0x08006a44   0x0000000e   Code   RO         5827    i.__scatterload_zeroinit  mc_w.l(handlers.o)
    0x08006a52   0x08006a52   0x00000002   PAD
    0x08006a54   0x08006a54   0x0000000c   Code   RO         5793    i.__set_errno       mc_w.l(errno.o)
    0x08006a60   0x08006a60   0x00000184   Code   RO         5725    i._fp_digits        mc_w.l(printfa.o)
    0x08006be4   0x08006be4   0x000006b4   Code   RO         5726    i._printf_core      mc_w.l(printfa.o)
    0x08007298   0x08007298   0x00000024   Code   RO         5727    i._printf_post_padding  mc_w.l(printfa.o)
    0x080072bc   0x080072bc   0x0000002e   Code   RO         5728    i._printf_pre_padding  mc_w.l(printfa.o)
    0x080072ea   0x080072ea   0x00000016   Code   RO         5729    i._snputc           mc_w.l(printfa.o)
    0x08007300   0x08007300   0x000000a0   Code   RO           16    i.main              main.o
    0x080073a0   0x080073a0   0x00000018   Data   RO         4766    .constdata          stm32g4xx_hal_uart.o
    0x080073b8   0x080073b8   0x00000010   Data   RO         5132    .constdata          stm32g4xx_hal_uart_ex.o
    0x080073c8   0x080073c8   0x00000010   Data   RO         5237    .constdata          system_stm32g4xx.o
    0x080073d8   0x080073d8   0x00000008   Data   RO         5238    .constdata          system_stm32g4xx.o
    0x080073e0   0x080073e0   0x0000023a   Data   RO         5331    .constdata          oled.o
    0x0800761a   0x0800761a   0x00000002   PAD
    0x0800761c   0x0800761c   0x00000020   Data   RO         5764    .constdata          m_wm.l(rredf.o)
    0x0800763c   0x0800763c   0x00000020   Data   RO         5823    Region$$Table       anon$$obj.o


    Execution Region RW_IRAM1 (Exec base: 0x20000000, Load base: 0x0800765c, Size: 0x000007e8, Max: 0x00008000, ABSOLUTE)

    Exec Addr    Load Addr    Size         Type   Attr      Idx    E Section Name        Object

    0x20000000   0x0800765c   0x00000004   Data   RW          282    .data               adc.o
    0x20000004   0x08007660   0x0000000c   Data   RW         1223    .data               stm32g4xx_hal.o
    0x20000010   0x0800766c   0x00000004   Data   RW         5239    .data               system_stm32g4xx.o
    0x20000014   0x08007670   0x00000018   Data   RW         5570    .data               menu.o
    0x2000002c   0x08007688   0x0000001c   Data   RW         5609    .data               foc.o
    0x20000048   0x080076a4   0x00000004   Data   RW         5794    .data               mc_w.l(errno.o)
    0x2000004c        -       0x000000d8   Zero   RW          281    .bss                adc.o
    0x20000124        -       0x00000028   Zero   RW          329    .bss                cordic.o
    0x2000014c        -       0x00000014   Zero   RW          372    .bss                dac.o
    0x20000160        -       0x00000078   Zero   RW          444    .bss                opamp.o
    0x200001d8        -       0x00000064   Zero   RW          491    .bss                spi.o
    0x2000023c        -       0x0000004c   Zero   RW          534    .bss                tim.o
    0x20000288        -       0x000000f4   Zero   RW          581    .bss                usart.o
    0x2000037c        -       0x0000000c   Zero   RW         5404    .bss                ec11.o
    0x20000388        -       0x0000000c   Zero   RW         5472    .bss                mt6816.o
    0x20000394        -       0x00000054   Zero   RW         5606    .bss                foc.o
    0x200003e8        -       0x00000400   Zero   RW            1    STACK               startup_stm32g431xx.o


==============================================================================

Image component sizes


      Code (inc. data)   RO Data    RW Data    ZI Data      Debug   Object Name

       640         36          0          4        216       2790   adc.o
       272         22          0          0          0       2812   bsp_i2c.o
        36          4          0          0          0        554   bsp_spi.o
        76         18          0          0         40       1520   cordic.o
       212         22          0          0         20       2152   dac.o
        60          4          0          0          0        786   dma.o
       116         12          0          0         12       1523   ec11.o
      1674        214          0         28         84       6767   foc.o
       204         12          0          0          0        971   gpio.o
       282         32          0          0          0     708422   main.o
      1024        408          0         24          0       1610   menu.o
       256         32          0          0         12       1779   mt6816.o
       464          6        570          0          0       6268   oled.o
       208         30          0          0        120       2236   opamp.o
       166          6          0          0          0       1787   pid.o
       180         22          0          0        100       1645   spi.o
        36          8        472          0       1024        824   startup_stm32g431xx.o
       162         24          0         12          0       4229   stm32g4xx_hal.o
      2788        128          0          0          0      80890   stm32g4xx_hal_adc.o
      2214         90          0          0          0      78845   stm32g4xx_hal_adc_ex.o
        52          0          0          0          0       1098   stm32g4xx_hal_cordic.o
       198         14          0          0          0      33771   stm32g4xx_hal_cortex.o
       664         20          0          0          0       4278   stm32g4xx_hal_dac.o
       704         30          0          0          0       4763   stm32g4xx_hal_dma.o
       604         34          0          0          0       2955   stm32g4xx_hal_gpio.o
        48          6          0          0          0        842   stm32g4xx_hal_msp.o
       288          8          0          0          0       2423   stm32g4xx_hal_opamp.o
       204         18          0          0          0       1377   stm32g4xx_hal_pwr_ex.o
      1696         94          0          0          0       6660   stm32g4xx_hal_rcc.o
       648         10          0          0          0       1852   stm32g4xx_hal_rcc_ex.o
      1334         10          0          0          0       6325   stm32g4xx_hal_spi.o
      2280        256          0          0          0      15849   stm32g4xx_hal_tim.o
       522         58          0          0          0       3787   stm32g4xx_hal_tim_ex.o
      2154         86         24          0          0      29302   stm32g4xx_hal_uart.o
       288          6         16          0          0       5274   stm32g4xx_hal_uart_ex.o
        82         22          0          0          0       5517   stm32g4xx_it.o
        16          4         24          4          0       1091   system_stm32g4xx.o
       484         30          0          0         76       2500   tim.o
       296         30          0          0        244       1837   usart.o

    ----------------------------------------------------------------------
     23662       1866       1140         72       1948    1039911   Object Totals
         0          0         32          0          0          0   (incl. Generated)
        30          0          2          0          0          0   (incl. Padding)

    ----------------------------------------------------------------------

      Code (inc. data)   RO Data    RW Data    ZI Data      Debug   Library Member Name

       336         56          0          0          0        136   cosf.o
        72          0          0          0          0        148   fmaxf.o
        72          0          0          0          0        148   fminf.o
       176          0          0          0          0        168   fmodf.o
        38          0          0          0          0        116   fpclassifyf.o
        38         12          0          0          0        348   funder.o
       340         24         32          0          0        160   rredf.o
       400         56          0          0          0        212   sinf.o
         0          0          0          0          0          0   entry.o
         0          0          0          0          0          0   entry10a.o
         0          0          0          0          0          0   entry11a.o
         4          0          0          0          0          0   entry12b.o
         8          4          0          0          0          0   entry2.o
         4          0          0          0          0          0   entry5.o
         0          0          0          0          0          0   entry7b.o
         0          0          0          0          0          0   entry8b.o
         8          4          0          0          0          0   entry9a.o
        12          6          0          4          0         68   errno.o
        30          0          0          0          0          0   handlers.o
        36          8          0          0          0         68   init.o
         0          0          0          0          0          0   iusefp.o
        30          0          0          0          0         68   llshl.o
        36          0          0          0          0         68   llsshr.o
        32          0          0          0          0         68   llushr.o
        36          0          0          0          0        108   memseta.o
      2260         86          0          0          0        528   printfa.o
        44          0          0          0          0         80   uidiv.o
        98          0          0          0          0         92   uldiv.o
        48          0          0          0          0         68   cdrcmple.o
       334          0          0          0          0        148   dadd.o
       222          0          0          0          0        100   ddiv.o
       186          0          0          0          0        176   depilogue.o
        48          0          0          0          0         68   dfixul.o
       228          0          0          0          0         96   dmul.o
        38          0          0          0          0         68   f2d.o
        54          0          0          0          0         68   fcmp4.o
       110          0          0          0          0        168   fepilogue.o
        82          0          0          0          0         96   frem.o

    ----------------------------------------------------------------------
      5466        256         32          4          0       3640   Library Totals
         6          0          0          0          0          0   (incl. Padding)

    ----------------------------------------------------------------------

      Code (inc. data)   RO Data    RW Data    ZI Data      Debug   Library Name

      1472        148         32          0          0       1436   m_wm.l
      2638        108          0          4          0       1148   mc_w.l
      1350          0          0          0          0       1056   mf_w.l

    ----------------------------------------------------------------------
      5466        256         32          4          0       3640   Library Totals

    ----------------------------------------------------------------------

==============================================================================


      Code (inc. data)   RO Data    RW Data    ZI Data      Debug   

     29128       2122       1172         76       1948    1024963   Grand Totals
     29128       2122       1172         76       1948    1024963   ELF Image Totals
     29128       2122       1172         76          0          0   ROM Totals

==============================================================================

    Total RO  Size (Code + RO Data)                30300 (  29.59kB)
    Total RW  Size (RW Data + ZI Data)              2024 (   1.98kB)
    Total ROM Size (Code + RO Data + RW Data)      30376 (  29.66kB)

==============================================================================

