<html>
<body>
<pre>
<h1>µVision Build Log</h1>
<h2>Tool Versions:</h2>
IDE-Version: ¦ÌVision V5.37.0.0
Copyright (C) 2022 ARM Ltd and ARM Germany GmbH. All rights reserved.
License Information: 123 123, 123, LIC=UJWP0-BWKFJ-GK7BG-VYW9F-24WUC-NASJL
 
Tool Versions:
Toolchain:       MDK-ARM Plus  Version: 5.37.0.0
Toolchain Path:  E:\Stm32CubeMax\My_Keil5\core\ARM\ARMCC\Bin
C Compiler:      Armcc.exe V5.06 update 7 (build 960)
Assembler:       Armasm.exe V5.06 update 7 (build 960)
Linker/Locator:  ArmLink.exe V5.06 update 7 (build 960)
Library Manager: ArmAr.exe V5.06 update 7 (build 960)
Hex Converter:   FromElf.exe V5.06 update 7 (build 960)
CPU DLL:         SARMCM3.DLL V5.37.0.0
Dialog DLL:      DCM.DLL V1.17.5.0
Target DLL:      Segger\JL2CM3.dll V2.99.42.0
Dialog DLL:      TCM.DLL V1.56.1.0
 
<h2>Project:</h2>
E:\Stm32CubeMax\hal\FOC\MDK-ARM\FOC.uvprojx
Project File Date:  06/04/2026

<h2>Output:</h2>
*** Using Compiler 'V5.06 update 7 (build 960)', folder: 'E:\Stm32CubeMax\My_Keil5\core\ARM\ARMCC\Bin'
Rebuild target 'FOC'
assembling startup_stm32g431xx.s...
compiling dac.c...
compiling main.c...
../Core/Src/main.c(520): warning:  #1-D: last line of file ends without a newline
  //}
../Core/Src/main.c: 1 warning, 0 errors
compiling cordic.c...
compiling adc.c...
compiling dma.c...
compiling opamp.c...
compiling gpio.c...
compiling usart.c...
compiling tim.c...
compiling stm32g4xx_hal_msp.c...
compiling stm32g4xx_it.c...
compiling stm32g4xx_ll_adc.c...
compiling spi.c...
compiling stm32g4xx_hal_adc_ex.c...
compiling stm32g4xx_hal_adc.c...
compiling stm32g4xx_hal.c...
compiling stm32g4xx_hal_flash_ramfunc.c...
compiling stm32g4xx_hal_flash_ex.c...
compiling stm32g4xx_hal_flash.c...
compiling stm32g4xx_hal_gpio.c...
compiling stm32g4xx_hal_rcc.c...
compiling stm32g4xx_hal_rcc_ex.c...
compiling stm32g4xx_hal_dma_ex.c...
compiling stm32g4xx_hal_pwr.c...
compiling stm32g4xx_hal_exti.c...
compiling stm32g4xx_hal_dma.c...
compiling stm32g4xx_hal_cordic.c...
compiling stm32g4xx_hal_cortex.c...
compiling stm32g4xx_hal_pwr_ex.c...
compiling stm32g4xx_hal_spi_ex.c...
compiling stm32g4xx_hal_dac_ex.c...
compiling stm32g4xx_hal_opamp_ex.c...
compiling stm32g4xx_hal_opamp.c...
compiling stm32g4xx_hal_dac.c...
compiling stm32g4xx_hal_spi.c...
compiling stm32g4xx_hal_tim.c...
compiling bsp_i2c.c...
compiling system_stm32g4xx.c...
compiling stm32g4xx_hal_uart_ex.c...
compiling oled.c...
compiling ec11.c...
compiling stm32g4xx_hal_tim_ex.c...
compiling stm32g4xx_hal_uart.c...
compiling bsp_spi.c...
compiling vofa.c...
compiling mt6816.c...
compiling pid.c...
compiling menu.c...
compiling foc.c...
linking...
Program Size: Code=29128 RO-data=1172 RW-data=76 ZI-data=1948  
FromELF: creating hex file...
"FOC\FOC.axf" - 0 Error(s), 1 Warning(s).

<h2>Software Packages used:</h2>

Package Vendor: ARM
                http://www.keil.com/pack/ARM.CMSIS.5.9.0.pack
                ARM.CMSIS.5.9.0
                CMSIS (Common Microcontroller Software Interface Standard)
   * Component: CORE Version: 5.6.0

Package Vendor: Keil
                https://www.keil.com/pack/Keil.STM32G4xx_DFP.2.2.0.pack
                Keil.STM32G4xx_DFP.2.2.0
                STMicroelectronics STM32G4 Series Device Support

<h2>Collection of Component include folders:</h2>
  ./RTE/_FOC
  E:/Stm32CubeMax/My_Keil5/pack/ARM/CMSIS/5.9.0/CMSIS/Core/Include

<h2>Collection of Component Files used:</h2>

   * Component: ARM::CMSIS:CORE:5.6.0
      Include file:  CMSIS/Core/Include/tz_context.h
Build Time Elapsed:  00:00:38
</pre>
</body>
</html>
